Component: ARM Compiler 5.05 update 1 (build 106) Tool: armlink [4d0efa]

==============================================================================

Section Cross References

    main.o(.text) refers to misc.o(.text) for NVIC_PriorityGroupConfig
    main.o(.text) refers to delay.o(.text) for delay_init
    main.o(.text) refers to usart.o(.text) for uart_init
    main.o(.text) refers to usart3.o(.text) for usart3_init
    main.o(.text) refers to led.o(.text) for LED_Init
    main.o(.text) refers to key.o(.text) for KEY_Init
    main.o(.text) refers to __2printf.o(.text) for __2printf
    main.o(.text) refers to ov2640.o(.text) for OV2640_Init
    main.o(.text) refers to image.o(.text) for jpeg_test
    system_stm32f4xx.o(.text) refers to system_stm32f4xx.o(.data) for SystemCoreClock
    led.o(.text) refers to stm32f4xx_rcc.o(.text) for RCC_AHB1PeriphClockCmd
    led.o(.text) refers to stm32f4xx_gpio.o(.text) for GPIO_Init
    lcd.o(.text) refers to _printf_percent.o(.ARM.Collect$$_printf_percent$$00000000) for _printf_percent
    lcd.o(.text) refers to _printf_x.o(.ARM.Collect$$_printf_percent$$0000000C) for _printf_x
    lcd.o(.text) refers to _printf_hex_int_ll_ptr.o(.text) for _printf_longlong_hex
    lcd.o(.text) refers to delay.o(.text) for delay_us
    lcd.o(.text) refers to lcd.o(.bss) for lcddev
    lcd.o(.text) refers to lcd.o(.data) for POINT_COLOR
    lcd.o(.text) refers to dflt_clz.o(x$fpl$dfltu) for __aeabi_ui2d
    lcd.o(.text) refers to dmul.o(x$fpl$dmul) for __aeabi_dmul
    lcd.o(.text) refers to dfixu.o(x$fpl$dfixu) for __aeabi_d2uiz
    lcd.o(.text) refers to stm32f4xx_rcc.o(.text) for RCC_AHB1PeriphClockCmd
    lcd.o(.text) refers to stm32f4xx_gpio.o(.text) for GPIO_Init
    lcd.o(.text) refers to stm32f4xx_fsmc.o(.text) for FSMC_NORSRAMInit
    lcd.o(.text) refers to __2printf.o(.text) for __2printf
    lcd.o(.text) refers to lcd.o(.constdata) for asc2_1206
    key.o(.text) refers to stm32f4xx_rcc.o(.text) for RCC_AHB1PeriphClockCmd
    key.o(.text) refers to stm32f4xx_gpio.o(.text) for GPIO_Init
    key.o(.text) refers to delay.o(.text) for delay_ms
    key.o(.text) refers to key.o(.data) for key_up
    dcmi.o(.text) refers to stm32f4xx_dcmi.o(.text) for DCMI_GetITStatus
    dcmi.o(.text) refers to image.o(.text) for jpeg_data_process
    dcmi.o(.text) refers to stm32f4xx_rcc.o(.text) for RCC_AHB1PeriphClockCmd
    dcmi.o(.text) refers to stm32f4xx_dma.o(.text) for DMA_DeInit
    dcmi.o(.text) refers to stm32f4xx_gpio.o(.text) for GPIO_Init
    dcmi.o(.text) refers to misc.o(.text) for NVIC_Init
    dcmi.o(.text) refers to ov2640.o(.text) for OV2640_OutSize_Set
    dcmi.o(.text) refers to dcmi.o(.data) for ov_frame
    dcmi.o(.text) refers to dcmi.o(.bss) for DCMI_InitStructure
    ov2640.o(.text) refers to _printf_percent.o(.ARM.Collect$$_printf_percent$$00000000) for _printf_percent
    ov2640.o(.text) refers to _printf_d.o(.ARM.Collect$$_printf_percent$$00000009) for _printf_d
    ov2640.o(.text) refers to _printf_dec.o(.text) for _printf_int_dec
    ov2640.o(.text) refers to stm32f4xx_rcc.o(.text) for RCC_AHB1PeriphClockCmd
    ov2640.o(.text) refers to stm32f4xx_gpio.o(.text) for GPIO_Init
    ov2640.o(.text) refers to delay.o(.text) for delay_ms
    ov2640.o(.text) refers to sccb.o(.text) for SCCB_Init
    ov2640.o(.text) refers to __2printf.o(.text) for __2printf
    ov2640.o(.text) refers to ov2640.o(.constdata) for ov2640_sxga_init_reg_tbl
    sccb.o(.text) refers to stm32f4xx_rcc.o(.text) for RCC_AHB1PeriphClockCmd
    sccb.o(.text) refers to stm32f4xx_gpio.o(.text) for GPIO_Init
    sccb.o(.text) refers to delay.o(.text) for delay_us
    usart2.o(.text) refers to stm32f4xx_rcc.o(.text) for RCC_AHB1PeriphClockCmd
    usart2.o(.text) refers to stm32f4xx_gpio.o(.text) for GPIO_Init
    usart2.o(.text) refers to stm32f4xx_usart.o(.text) for USART_Init
    timer.o(.text) refers to _printf_percent.o(.ARM.Collect$$_printf_percent$$00000000) for _printf_percent
    timer.o(.text) refers to _printf_d.o(.ARM.Collect$$_printf_percent$$00000009) for _printf_d
    timer.o(.text) refers to _printf_dec.o(.text) for _printf_int_dec
    timer.o(.text) refers to stm32f4xx_rcc.o(.text) for RCC_APB1PeriphClockCmd
    timer.o(.text) refers to stm32f4xx_tim.o(.text) for TIM_TimeBaseInit
    timer.o(.text) refers to misc.o(.text) for NVIC_Init
    timer.o(.text) refers to __2printf.o(.text) for __2printf
    timer.o(.text) refers to dcmi.o(.data) for ov_frame
    timer.o(.text) refers to image.o(.data) for jpeg_data_len
    timer.o(.text) refers to usart3.o(.data) for USART3_RX_STA
    imgsend.o(.text) refers to m8266wifidrv.o(i.M8266WIFI_SPI_Send_Data) for M8266WIFI_SPI_Send_Data
    imgsend.o(.text) refers to m8266hostif_stm32xx.o(.text) for M8266HostIf_delay_us
    imgsend.o(.text) refers to stm32f4xx_usart.o(.text) for USART_GetFlagStatus
    image.o(.text) refers to _printf_percent.o(.ARM.Collect$$_printf_percent$$00000000) for _printf_percent
[...]
    __rt_entry_sh                            0x080002b5   Thumb Code     0  __rtentry4.o(.ARM.Collect$$rtentry$$00000004)
    __rt_entry_li                            0x080002bb   Thumb Code     0  __rtentry2.o(.ARM.Collect$$rtentry$$0000000A)
    __rt_entry_postsh_1                      0x080002bb   Thumb Code     0  __rtentry2.o(.ARM.Collect$$rtentry$$00000009)
    __rt_entry_main                          0x080002bf   Thumb Code     0  __rtentry2.o(.ARM.Collect$$rtentry$$0000000D)
    __rt_entry_postli_1                      0x080002bf   Thumb Code     0  __rtentry2.o(.ARM.Collect$$rtentry$$0000000C)
    __rt_exit                                0x080002c7   Thumb Code     0  rtexit.o(.ARM.Collect$$rtexit$$00000000)
    __rt_exit_ls                             0x080002c9   Thumb Code     0  rtexit2.o(.ARM.Collect$$rtexit$$00000003)
    __rt_exit_prels_1                        0x080002c9   Thumb Code     0  rtexit2.o(.ARM.Collect$$rtexit$$00000002)
    __rt_exit_exit                           0x080002cd   Thumb Code     0  rtexit2.o(.ARM.Collect$$rtexit$$00000004)
    main                                     0x080002d5   Thumb Code    82  main.o(.text)
    NMI_Handler                              0x08000345   Thumb Code     2  stm32f4xx_it.o(.text)
    HardFault_Handler                        0x08000347   Thumb Code     4  stm32f4xx_it.o(.text)
    MemManage_Handler                        0x0800034b   Thumb Code     4  stm32f4xx_it.o(.text)
    BusFault_Handler                         0x0800034f   Thumb Code     4  stm32f4xx_it.o(.text)
    UsageFault_Handler                       0x08000353   Thumb Code     4  stm32f4xx_it.o(.text)
    SVC_Handler                              0x08000357   Thumb Code     2  stm32f4xx_it.o(.text)
    DebugMon_Handler                         0x08000359   Thumb Code     2  stm32f4xx_it.o(.text)
    PendSV_Handler                           0x0800035b   Thumb Code     2  stm32f4xx_it.o(.text)
    SysTick_Handler                          0x0800035d   Thumb Code     2  stm32f4xx_it.o(.text)
    SystemInit                               0x0800043d   Thumb Code    88  system_stm32f4xx.o(.text)
    SystemCoreClockUpdate                    0x08000495   Thumb Code   174  system_stm32f4xx.o(.text)
    LED_Init                                 0x08000571   Thumb Code    60  led.o(.text)
    LED_set                                  0x080005ad   Thumb Code    60  led.o(.text)
    LCD_WR_REG                               0x080005ed   Thumb Code    18  lcd.o(.text)
    LCD_WR_DATA                              0x080005ff   Thumb Code    20  lcd.o(.text)
    LCD_RD_DATA                              0x08000613   Thumb Code    16  lcd.o(.text)
    LCD_WriteReg                             0x08000623   Thumb Code    14  lcd.o(.text)
    LCD_ReadReg                              0x08000631   Thumb Code    22  lcd.o(.text)
    LCD_WriteRAM_Prepare                     0x08000647   Thumb Code    10  lcd.o(.text)
    LCD_WriteRAM                             0x08000651   Thumb Code     8  lcd.o(.text)
    LCD_BGR2RGB                              0x08000659   Thumb Code    26  lcd.o(.text)
    opt_delay                                0x08000673   Thumb Code    14  lcd.o(.text)
    LCD_SetCursor                            0x08000681   Thumb Code   418  lcd.o(.text)
    LCD_ReadPoint                            0x08000823   Thumb Code   360  lcd.o(.text)
    LCD_DisplayOn                            0x0800098b   Thumb Code   102  lcd.o(.text)
    LCD_DisplayOff                           0x080009f1   Thumb Code    90  lcd.o(.text)
    LCD_Scan_Dir                             0x08000a4b   Thumb Code   744  lcd.o(.text)
    LCD_DrawPoint                            0x08000d33   Thumb Code    28  lcd.o(.text)
    LCD_Fast_DrawPoint                       0x08000d4f   Thumb Code   388  lcd.o(.text)
    LCD_SSD_BackLightSet                     0x08000ed3   Thumb Code    88  lcd.o(.text)
    LCD_Display_Dir                          0x08000f2b   Thumb Code   444  lcd.o(.text)
    LCD_Set_Window                           0x080010e7   Thumb Code   546  lcd.o(.text)
    LCD_Clear                                0x08001309   Thumb Code   100  lcd.o(.text)
    LCD_Init                                 0x0800136d   Thumb Code 14696  lcd.o(.text)
    LCD_Fill                                 0x08004cd5   Thumb Code   180  lcd.o(.text)
    LCD_Color_Fill                           0x08004d89   Thumb Code   100  lcd.o(.text)
    LCD_DrawLine                             0x08004ded   Thumb Code   176  lcd.o(.text)
    LCD_DrawRectangle                        0x08004e9d   Thumb Code    60  lcd.o(.text)
    LCD_Draw_Circle                          0x08004ed9   Thumb Code   152  lcd.o(.text)
    LCD_ShowChar                             0x08004f71   Thumb Code   272  lcd.o(.text)
    LCD_Pow                                  0x08005081   Thumb Code    22  lcd.o(.text)
    LCD_ShowNum                              0x08005097   Thumb Code   148  lcd.o(.text)
    LCD_ShowxNum                             0x0800512b   Thumb Code   220  lcd.o(.text)
    LCD_ShowString                           0x08005207   Thumb Code   102  lcd.o(.text)
    KEY_Init                                 0x0800526d   Thumb Code    60  key.o(.text)
    KEY_Scan                                 0x080052a9   Thumb Code   188  key.o(.text)
    DCMI_IRQHandler                          0x08005371   Thumb Code    50  dcmi.o(.text)
    DCMI_DMA_Init                            0x080053a3   Thumb Code   102  dcmi.o(.text)
    My_DCMI_Init                             0x08005409   Thumb Code   280  dcmi.o(.text)
    DCMI_Start                               0x08005521   Thumb Code    18  dcmi.o(.text)
    DCMI_Stop                                0x08005533   Thumb Code    34  dcmi.o(.text)
    DCMI_Set_Window                          0x08005555   Thumb Code    42  dcmi.o(.text)
    DCMI_CR_Set                              0x0800557f   Thumb Code    58  dcmi.o(.text)
    OV2640_Init                              0x080055dd   Thumb Code   232  ov2640.o(.text)
    OV2640_JPEG_Mode                         0x080056c5   Thumb Code    66  ov2640.o(.text)
    OV2640_RGB565_Mode                       0x08005707   Thumb Code    36  ov2640.o(.text)
    OV2640_Auto_Exposure                     0x0800572b   Thumb Code    40  ov2640.o(.text)
    OV2640_Light_Mode                        0x08005753   Thumb Code   118  ov2640.o(.text)
    OV2640_Color_Saturation                  0x080057c9   Thumb Code    64  ov2640.o(.text)
    OV2640_Brightness                        0x08005809   Thumb Code    56  ov2640.o(.text)
    OV2640_Contrast                          0x08005841   Thumb Code   116  ov2640.o(.text)
    OV2640_Special_Effects                   0x080058b5   Thumb Code   122  ov2640.o(.text)
    OV2640_Color_Bar                         0x0800592f   Thumb Code    40  ov2640.o(.text)
    OV2640_Window_Set                        0x08005957   Thumb Code   214  ov2640.o(.text)
    OV2640_OutSize_Set                       0x08005a2d   Thumb Code   136  ov2640.o(.text)
    OV2640_ImageWin_Set                      0x08005ab5   Thumb Code   188  ov2640.o(.text)
    OV2640_ImageSize_Set                     0x08005b71   Thumb Code    80  ov2640.o(.text)
    SCCB_Init                                0x08005bc1   Thumb Code    78  sccb.o(.text)
    SCCB_Start                               0x08005c0f   Thumb Code    42  sccb.o(.text)
    SCCB_Stop                                0x08005c39   Thumb Code    42  sccb.o(.text)
    SCCB_No_Ack                              0x08005c63   Thumb Code    56  sccb.o(.text)
    SCCB_WR_Byte                             0x08005c9b   Thumb Code   154  sccb.o(.text)
    SCCB_RD_Byte                             0x08005d35   Thumb Code   104  sccb.o(.text)
    SCCB_WR_Reg                              0x08005d9d   Thumb Code    62  sccb.o(.text)
    SCCB_RD_Reg                              0x08005ddb   Thumb Code    78  sccb.o(.text)
    TIM3_Int_Init                            0x08005e35   Thumb Code    88  timer.o(.text)
    TIM7_Int_Init                            0x08005e8d   Thumb Code    86  timer.o(.text)
    TIM3_IRQHandler                          0x08005ee3   Thumb Code    50  timer.o(.text)
    TIM7_IRQHandler                          0x08005f15   Thumb Code    42  timer.o(.text)
    M8266wifi_sendimg                        0x08005f75   Thumb Code   188  imgsend.o(.text)
    Bluetooth_Sendimg                        0x08006031   Thumb Code    42  imgsend.o(.text)
    jpeg_data_process                        0x08006061   Thumb Code    90  image.o(.text)
    jpeg_test                                0x080060bb   Thumb Code   126  image.o(.text)
    rgb565_test                              0x08006139   Thumb Code   490  image.o(.text)
    USART3_IRQHandler                        0x080063e9   Thumb Code    96  usart3.o(.text)
    usart3_init                              0x08006449   Thumb Code   196  usart3.o(.text)
    u3_printf                                0x0800650d   Thumb Code    72  usart3.o(.text)
    delay_init                               0x0800656d   Thumb Code    52  delay.o(.text)
    delay_us                                 0x080065a1   Thumb Code    72  delay.o(.text)
    delay_xms                                0x080065e9   Thumb Code    72  delay.o(.text)
    delay_ms                                 0x08006631   Thumb Code    56  delay.o(.text)
    _sys_exit                                0x08006671   Thumb Code     4  usart.o(.text)
    fputc                                    0x08006675   Thumb Code    22  usart.o(.text)
    uart_init                                0x0800668b   Thumb Code   164  usart.o(.text)
    USART1_IRQHandler                        0x0800672f   Thumb Code   122  usart.o(.text)
    Reset_Handler                            0x080067b9   Thumb Code     8  startup_stm32f40_41xxx.o(.text)
    ADC_IRQHandler                           0x080067d3   Thumb Code     0  startup_stm32f40_41xxx.o(.text)
    CAN1_RX0_IRQHandler                      0x080067d3   Thumb Code     0  startup_stm32f40_41xxx.o(.text)
    CAN1_RX1_IRQHandler                      0x080067d3   Thumb Code     0  startup_stm32f40_41xxx.o(.text)
    CAN1_SCE_IRQHandler                      0x080067d3   Thumb Code     0  startup_stm32f40_41xxx.o(.text)
    CAN1_TX_IRQHandler                       0x080067d3   Thumb Code     0  startup_stm32f40_41xxx.o(.text)
    CAN2_RX0_IRQHandler                      0x080067d3   Thumb Code     0  startup_stm32f40_41xxx.o(.text)
    CAN2_RX1_IRQHandler                      0x080067d3   Thumb Code     0  startup_stm32f40_41xxx.o(.text)
    CAN2_SCE_IRQHandler                      0x080067d3   Thumb Code     0  startup_stm32f40_41xxx.o(.text)
    CAN2_TX_IRQHandler                       0x080067d3   Thumb Code     0  startup_stm32f40_41xxx.o(.text)
    CRYP_IRQHandler                          0x080067d3   Thumb Code     0  startup_stm32f40_41xxx.o(.text)
    DMA1_Stream0_IRQHandler                  0x080067d3   Thumb Code     0  startup_stm32f40_41xxx.o(.text)
    DMA1_Stream1_IRQHandler                  0x080067d3   Thumb Code     0  startup_stm32f40_41xxx.o(.text)
    DMA1_Stream2_IRQHandler                  0x080067d3   Thumb Code     0  startup_stm32f40_41xxx.o(.text)
    DMA1_Stream3_IRQHandler                  0x080067d3   Thumb Code     0  startup_stm32f40_41xxx.o(.text)
    DMA1_Stream4_IRQHandler                  0x080067d3   Thumb Code     0  startup_stm32f40_41xxx.o(.text)
    DMA1_Stream5_IRQHandler                  0x080067d3   Thumb Code     0  startup_stm32f40_41xxx.o(.text)
    DMA1_Stream6_IRQHandler                  0x080067d3   Thumb Code     0  startup_stm32f40_41xxx.o(.text)
    DMA1_Stream7_IRQHandler                  0x080067d3   Thumb Code     0  startup_stm32f40_41xxx.o(.text)
    DMA2_Stream0_IRQHandler                  0x080067d3   Thumb Code     0  startup_stm32f40_41xxx.o(.text)
    DMA2_Stream1_IRQHandler                  0x080067d3   Thumb Code     0  startup_stm32f40_41xxx.o(.text)
    DMA2_Stream2_IRQHandler                  0x080067d3   Thumb Code     0  startup_stm32f40_41xxx.o(.text)
    DMA2_Stream3_IRQHandler                  0x080067d3   Thumb Code     0  startup_stm32f40_41xxx.o(.text)
    DMA2_Stream4_IRQHandler                  0x080067d3   Thumb Code     0  startup_stm32f40_41xxx.o(.text)
    DMA2_Stream5_IRQHandler                  0x080067d3   Thumb Code     0  startup_stm32f40_41xxx.o(.text)
    DMA2_Stream6_IRQHandler                  0x080067d3   Thumb Code     0  startup_stm32f40_41xxx.o(.text)
    DMA2_Stream7_IRQHandler                  0x080067d3   Thumb Code     0  startup_stm32f40_41xxx.o(.text)
    ETH_IRQHandler                           0x080067d3   Thumb Code     0  startup_stm32f40_41xxx.o(.text)
    ETH_WKUP_IRQHandler                      0x080067d3   Thumb Code     0  startup_stm32f40_41xxx.o(.text)
    EXTI0_IRQHandler                         0x080067d3   Thumb Code     0  startup_stm32f40_41xxx.o(.text)
    EXTI15_10_IRQHandler                     0x080067d3   Thumb Code     0  startup_stm32f40_41xxx.o(.text)
    EXTI1_IRQHandler                         0x080067d3   Thumb Code     0  startup_stm32f40_41xxx.o(.text)
    EXTI2_IRQHandler                         0x080067d3   Thumb Code     0  startup_stm32f40_41xxx.o(.text)
    EXTI3_IRQHandler                         0x080067d3   Thumb Code     0  startup_stm32f40_41xxx.o(.text)
    EXTI4_IRQHandler                         0x080067d3   Thumb Code     0  startup_stm32f40_41xxx.o(.text)
    EXTI9_5_IRQHandler                       0x080067d3   Thumb Code     0  startup_stm32f40_41xxx.o(.text)
    FLASH_IRQHandler                         0x080067d3   Thumb Code     0  startup_stm32f40_41xxx.o(.text)
    FPU_IRQHandler                           0x080067d3   Thumb Code     0  startup_stm32f40_41xxx.o(.text)
    FSMC_IRQHandler                          0x080067d3   Thumb Code     0  startup_stm32f40_41xxx.o(.text)
    HASH_RNG_IRQHandler                      0x080067d3   Thumb Code     0  startup_stm32f40_41xxx.o(.text)
    I2C1_ER_IRQHandler                       0x080067d3   Thumb Code     0  startup_stm32f40_41xxx.o(.text)
    I2C1_EV_IRQHandler                       0x080067d3   Thumb Code     0  startup_stm32f40_41xxx.o(.text)
    I2C2_ER_IRQHandler                       0x080067d3   Thumb Code     0  startup_stm32f40_41xxx.o(.text)
    I2C2_EV_IRQHandler                       0x080067d3   Thumb Code     0  startup_stm32f40_41xxx.o(.text)
    I2C3_ER_IRQHandler                       0x080067d3   Thumb Code     0  startup_stm32f40_41xxx.o(.text)
    I2C3_EV_IRQHandler                       0x080067d3   Thumb Code     0  startup_stm32f40_41xxx.o(.text)
    OTG_FS_IRQHandler                        0x080067d3   Thumb Code     0  startup_stm32f40_41xxx.o(.text)
    OTG_FS_WKUP_IRQHandler                   0x080067d3   Thumb Code     0  startup_stm32f40_41xxx.o(.text)
    OTG_HS_EP1_IN_IRQHandler                 0x080067d3   Thumb Code     0  startup_stm32f40_41xxx.o(.text)
    OTG_HS_EP1_OUT_IRQHandler                0x080067d3   Thumb Code     0  startup_stm32f40_41xxx.o(.text)
    OTG_HS_IRQHandler                        0x080067d3   Thumb Code     0  startup_stm32f40_41xxx.o(.text)
    OTG_HS_WKUP_IRQHandler                   0x080067d3   Thumb Code     0  startup_stm32f40_41xxx.o(.text)
    PVD_IRQHandler                           0x080067d3   Thumb Code     0  startup_stm32f40_41xxx.o(.text)
    RCC_IRQHandler                           0x080067d3   Thumb Code     0  startup_stm32f40_41xxx.o(.text)
    RTC_Alarm_IRQHandler                     0x080067d3   Thumb Code     0  startup_stm32f40_41xxx.o(.text)
    RTC_WKUP_IRQHandler                      0x080067d3   Thumb Code     0  startup_stm32f40_41xxx.o(.text)
    SDIO_IRQHandler                          0x080067d3   Thumb Code     0  startup_stm32f40_41xxx.o(.text)
    SPI1_IRQHandler                          0x080067d3   Thumb Code     0  startup_stm32f40_41xxx.o(.text)
    SPI2_IRQHandler                          0x080067d3   Thumb Code     0  startup_stm32f40_41xxx.o(.text)
    SPI3_IRQHandler                          0x080067d3   Thumb Code     0  startup_stm32f40_41xxx.o(.text)
    TAMP_STAMP_IRQHandler                    0x080067d3   Thumb Code     0  startup_stm32f40_41xxx.o(.text)
    TIM1_BRK_TIM9_IRQHandler                 0x080067d3   Thumb Code     0  startup_stm32f40_41xxx.o(.text)
    TIM1_CC_IRQHandler                       0x080067d3   Thumb Code     0  startup_stm32f40_41xxx.o(.text)
    TIM1_TRG_COM_TIM11_IRQHandler            0x080067d3   Thumb Code     0  startup_stm32f40_41xxx.o(.text)
    TIM1_UP_TIM10_IRQHandler                 0x080067d3   Thumb Code     0  startup_stm32f40_41xxx.o(.text)
    TIM2_IRQHandler                          0x080067d3   Thumb Code     0  startup_stm32f40_41xxx.o(.text)
    TIM4_IRQHandler                          0x080067d3   Thumb Code     0  startup_stm32f40_41xxx.o(.text)
    TIM5_IRQHandler                          0x080067d3   Thumb Code     0  startup_stm32f40_41xxx.o(.text)
    TIM6_DAC_IRQHandler                      0x080067d3   Thumb Code     0  startup_stm32f40_41xxx.o(.text)
    TIM8_BRK_TIM12_IRQHandler                0x080067d3   Thumb Code     0  startup_stm32f40_41xxx.o(.text)
    TIM8_CC_IRQHandler                       0x080067d3   Thumb Code     0  startup_stm32f40_41xxx.o(.text)
    TIM8_TRG_COM_TIM14_IRQHandler            0x080067d3   Thumb Code     0  startup_stm32f40_41xxx.o(.text)
    TIM8_UP_TIM13_IRQHandler                 0x080067d3   Thumb Code     0  startup_stm32f40_41xxx.o(.text)
    UART4_IRQHandler                         0x080067d3   Thumb Code     0  startup_stm32f40_41xxx.o(.text)
    UART5_IRQHandler                         0x080067d3   Thumb Code     0  startup_stm32f40_41xxx.o(.text)
    USART2_IRQHandler                        0x080067d3   Thumb Code     0  startup_stm32f40_41xxx.o(.text)
    USART6_IRQHandler                        0x080067d3   Thumb Code     0  startup_stm32f40_41xxx.o(.text)
    WWDG_IRQHandler                          0x080067d3   Thumb Code     0  startup_stm32f40_41xxx.o(.text)
    __user_initial_stackheap                 0x080067d5   Thumb Code     0  startup_stm32f40_41xxx.o(.text)
    M8266HostIf_GPIO_CS_RESET_Init           0x080067f9   Thumb Code   102  m8266hostif_stm32xx.o(.text)
    M8266HostIf_SPI_Init                     0x0800685f   Thumb Code   186  m8266hostif_stm32xx.o(.text)
    M8266HostIf_SPI_SetSpeed                 0x08006919   Thumb Code    36  m8266hostif_stm32xx.o(.text)
    M8266HostIf_Init                         0x0800693d   Thumb Code    12  m8266hostif_stm32xx.o(.text)
    M8266HostIf_Set_nRESET_Pin               0x08006949   Thumb Code    20  m8266hostif_stm32xx.o(.text)
    M8266HostIf_Set_SPI_nCS_Pin              0x0800695d   Thumb Code    20  m8266hostif_stm32xx.o(.text)
    M8266HostIf_delay_us                     0x08006971   Thumb Code    12  m8266hostif_stm32xx.o(.text)
    M8266HostIf_SPI_ReadWriteByte            0x0800697d   Thumb Code    50  m8266hostif_stm32xx.o(.text)
    NVIC_PriorityGroupConfig                 0x080069b9   Thumb Code    10  misc.o(.text)
    NVIC_Init                                0x080069c3   Thumb Code   106  misc.o(.text)
    NVIC_SetVectorTable                      0x08006a2d   Thumb Code    14  misc.o(.text)
    NVIC_SystemLPConfig                      0x08006a3b   Thumb Code    34  misc.o(.text)
    SysTick_CLKSourceConfig                  0x08006a5d   Thumb Code    40  misc.o(.text)
    DCMI_DeInit                              0x08006a99   Thumb Code    24  stm32f4xx_dcmi.o(.text)
    DCMI_Init                                0x08006ab1   Thumb Code    60  stm32f4xx_dcmi.o(.text)
    DCMI_StructInit                          0x08006aed   Thumb Code    18  stm32f4xx_dcmi.o(.text)
    DCMI_CROPConfig                          0x08006aff   Thumb Code    26  stm32f4xx_dcmi.o(.text)
    DCMI_CROPCmd                             0x08006b19   Thumb Code    30  stm32f4xx_dcmi.o(.text)
    DCMI_SetEmbeddedSynchroCodes             0x08006b37   Thumb Code    26  stm32f4xx_dcmi.o(.text)
    DCMI_JPEGCmd                             0x08006b51   Thumb Code    30  stm32f4xx_dcmi.o(.text)
    DCMI_Cmd                                 0x08006b6f   Thumb Code    30  stm32f4xx_dcmi.o(.text)
    DCMI_CaptureCmd                          0x08006b8d   Thumb Code    30  stm32f4xx_dcmi.o(.text)
    DCMI_ReadData                            0x08006bab   Thumb Code     6  stm32f4xx_dcmi.o(.text)
    DCMI_ITConfig                            0x08006bb1   Thumb Code    30  stm32f4xx_dcmi.o(.text)
    DCMI_GetFlagStatus                       0x08006bcf   Thumb Code    46  stm32f4xx_dcmi.o(.text)
    DCMI_ClearFlag                           0x08006bfd   Thumb Code     6  stm32f4xx_dcmi.o(.text)
    DCMI_GetITStatus                         0x08006c03   Thumb Code    24  stm32f4xx_dcmi.o(.text)
    DCMI_ClearITPendingBit                   0x08006c1b   Thumb Code     6  stm32f4xx_dcmi.o(.text)
    GPIO_DeInit                              0x08006c25   Thumb Code   268  stm32f4xx_gpio.o(.text)
    GPIO_Init                                0x08006d31   Thumb Code   144  stm32f4xx_gpio.o(.text)
    GPIO_StructInit                          0x08006dc1   Thumb Code    18  stm32f4xx_gpio.o(.text)
    GPIO_PinLockConfig                       0x08006dd3   Thumb Code    34  stm32f4xx_gpio.o(.text)
    GPIO_ReadInputDataBit                    0x08006df5   Thumb Code    18  stm32f4xx_gpio.o(.text)
    GPIO_ReadInputData                       0x08006e07   Thumb Code     8  stm32f4xx_gpio.o(.text)
    GPIO_ReadOutputDataBit                   0x08006e0f   Thumb Code    18  stm32f4xx_gpio.o(.text)
    GPIO_ReadOutputData                      0x08006e21   Thumb Code     8  stm32f4xx_gpio.o(.text)
    GPIO_SetBits                             0x08006e29   Thumb Code     4  stm32f4xx_gpio.o(.text)
    GPIO_ResetBits                           0x08006e2d   Thumb Code     4  stm32f4xx_gpio.o(.text)
    GPIO_WriteBit                            0x08006e31   Thumb Code    10  stm32f4xx_gpio.o(.text)
    GPIO_Write                               0x08006e3b   Thumb Code     4  stm32f4xx_gpio.o(.text)
    GPIO_ToggleBits                          0x08006e3f   Thumb Code     8  stm32f4xx_gpio.o(.text)
    GPIO_PinAFConfig                         0x08006e47   Thumb Code    70  stm32f4xx_gpio.o(.text)
    FSMC_NORSRAMDeInit                       0x08006eb9   Thumb Code    54  stm32f4xx_fsmc.o(.text)
    FSMC_NORSRAMInit                         0x08006eef   Thumb Code   230  stm32f4xx_fsmc.o(.text)
    FSMC_NORSRAMStructInit                   0x08006fd5   Thumb Code    48  stm32f4xx_fsmc.o(.text)
    FSMC_NORSRAMCmd                          0x08007005   Thumb Code    46  stm32f4xx_fsmc.o(.text)
    FSMC_NANDDeInit                          0x08007033   Thumb Code    62  stm32f4xx_fsmc.o(.text)
    FSMC_NANDInit                            0x08007071   Thumb Code   132  stm32f4xx_fsmc.o(.text)
    FSMC_NANDStructInit                      0x080070f5   Thumb Code    54  stm32f4xx_fsmc.o(.text)
    FSMC_NANDCmd                             0x0800712b   Thumb Code    86  stm32f4xx_fsmc.o(.text)
    FSMC_NANDECCCmd                          0x08007181   Thumb Code    86  stm32f4xx_fsmc.o(.text)
    FSMC_GetECC                              0x080071d7   Thumb Code    24  stm32f4xx_fsmc.o(.text)
    FSMC_PCCARDDeInit                        0x080071ef   Thumb Code    36  stm32f4xx_fsmc.o(.text)
    FSMC_PCCARDInit                          0x08007213   Thumb Code   130  stm32f4xx_fsmc.o(.text)
    FSMC_PCCARDStructInit                    0x08007295   Thumb Code    60  stm32f4xx_fsmc.o(.text)
    FSMC_PCCARDCmd                           0x080072d1   Thumb Code    44  stm32f4xx_fsmc.o(.text)
    FSMC_ITConfig                            0x080072fd   Thumb Code   128  stm32f4xx_fsmc.o(.text)
    FSMC_GetFlagStatus                       0x0800737d   Thumb Code    54  stm32f4xx_fsmc.o(.text)
    FSMC_ClearFlag                           0x080073b3   Thumb Code    74  stm32f4xx_fsmc.o(.text)
    FSMC_GetITStatus                         0x080073fd   Thumb Code    62  stm32f4xx_fsmc.o(.text)
    FSMC_ClearITPendingBit                   0x0800743b   Thumb Code    66  stm32f4xx_fsmc.o(.text)
    DMA_DeInit                               0x08007481   Thumb Code   324  stm32f4xx_dma.o(.text)
    DMA_Init                                 0x080075c5   Thumb Code    82  stm32f4xx_dma.o(.text)
    DMA_StructInit                           0x08007617   Thumb Code    34  stm32f4xx_dma.o(.text)
    DMA_Cmd                                  0x08007639   Thumb Code    22  stm32f4xx_dma.o(.text)
    DMA_PeriphIncOffsetSizeConfig            0x0800764f   Thumb Code    22  stm32f4xx_dma.o(.text)
    DMA_FlowControllerConfig                 0x08007665   Thumb Code    22  stm32f4xx_dma.o(.text)
    DMA_SetCurrDataCounter                   0x0800767b   Thumb Code     4  stm32f4xx_dma.o(.text)
    DMA_GetCurrDataCounter                   0x0800767f   Thumb Code     8  stm32f4xx_dma.o(.text)
    DMA_DoubleBufferModeConfig               0x08007687   Thumb Code    24  stm32f4xx_dma.o(.text)
    DMA_DoubleBufferModeCmd                  0x0800769f   Thumb Code    22  stm32f4xx_dma.o(.text)
    DMA_MemoryTargetConfig                   0x080076b5   Thumb Code    10  stm32f4xx_dma.o(.text)
    DMA_GetCurrentMemoryTarget               0x080076bf   Thumb Code    20  stm32f4xx_dma.o(.text)
    DMA_GetCmdStatus                         0x080076d3   Thumb Code    20  stm32f4xx_dma.o(.text)
    DMA_GetFIFOStatus                        0x080076e7   Thumb Code    12  stm32f4xx_dma.o(.text)
    DMA_GetFlagStatus                        0x080076f3   Thumb Code    56  stm32f4xx_dma.o(.text)
    DMA_ClearFlag                            0x0800772b   Thumb Code    40  stm32f4xx_dma.o(.text)
    DMA_ITConfig                             0x08007753   Thumb Code    58  stm32f4xx_dma.o(.text)
    DMA_GetITStatus                          0x0800778d   Thumb Code    84  stm32f4xx_dma.o(.text)
    DMA_ClearITPendingBit                    0x080077e1   Thumb Code    40  stm32f4xx_dma.o(.text)
    RCC_DeInit                               0x08007829   Thumb Code    82  stm32f4xx_rcc.o(.text)
    RCC_HSEConfig                            0x0800787b   Thumb Code    14  stm32f4xx_rcc.o(.text)
    RCC_GetFlagStatus                        0x08007889   Thumb Code    60  stm32f4xx_rcc.o(.text)
    RCC_WaitForHSEStartUp                    0x080078c5   Thumb Code    56  stm32f4xx_rcc.o(.text)
    RCC_AdjustHSICalibrationValue            0x080078fd   Thumb Code    20  stm32f4xx_rcc.o(.text)
    RCC_HSICmd                               0x08007911   Thumb Code     6  stm32f4xx_rcc.o(.text)
    RCC_LSEConfig                            0x08007917   Thumb Code    46  stm32f4xx_rcc.o(.text)
    RCC_LSICmd                               0x08007945   Thumb Code     6  stm32f4xx_rcc.o(.text)
    RCC_PLLConfig                            0x0800794b   Thumb Code    32  stm32f4xx_rcc.o(.text)
    RCC_PLLCmd                               0x0800796b   Thumb Code     6  stm32f4xx_rcc.o(.text)
    RCC_PLLI2SConfig                         0x08007971   Thumb Code    14  stm32f4xx_rcc.o(.text)
    RCC_PLLI2SCmd                            0x0800797f   Thumb Code     6  stm32f4xx_rcc.o(.text)
    RCC_PLLSAIConfig                         0x08007985   Thumb Code    20  stm32f4xx_rcc.o(.text)
    RCC_PLLSAICmd                            0x08007999   Thumb Code     6  stm32f4xx_rcc.o(.text)
    RCC_ClockSecuritySystemCmd               0x0800799f   Thumb Code     6  stm32f4xx_rcc.o(.text)
    RCC_MCO1Config                           0x080079a5   Thumb Code    28  stm32f4xx_rcc.o(.text)
    RCC_MCO2Config                           0x080079c1   Thumb Code    28  stm32f4xx_rcc.o(.text)
    RCC_SYSCLKConfig                         0x080079dd   Thumb Code    20  stm32f4xx_rcc.o(.text)
    RCC_GetSYSCLKSource                      0x080079f1   Thumb Code    12  stm32f4xx_rcc.o(.text)
    RCC_HCLKConfig                           0x080079fd   Thumb Code    20  stm32f4xx_rcc.o(.text)
    RCC_PCLK1Config                          0x08007a11   Thumb Code    20  stm32f4xx_rcc.o(.text)
    RCC_PCLK2Config                          0x08007a25   Thumb Code    22  stm32f4xx_rcc.o(.text)
    RCC_GetClocksFreq                        0x08007a3b   Thumb Code   222  stm32f4xx_rcc.o(.text)
    RCC_RTCCLKConfig                         0x08007b19   Thumb Code    54  stm32f4xx_rcc.o(.text)
    RCC_RTCCLKCmd                            0x08007b4f   Thumb Code     8  stm32f4xx_rcc.o(.text)
    RCC_BackupResetCmd                       0x08007b57   Thumb Code     8  stm32f4xx_rcc.o(.text)
    RCC_I2SCLKConfig                         0x08007b5f   Thumb Code     6  stm32f4xx_rcc.o(.text)
    RCC_SAIPLLI2SClkDivConfig                0x08007b65   Thumb Code    26  stm32f4xx_rcc.o(.text)
    RCC_SAIPLLSAIClkDivConfig                0x08007b7f   Thumb Code    28  stm32f4xx_rcc.o(.text)
    RCC_SAIBlockACLKConfig                   0x08007b9b   Thumb Code    20  stm32f4xx_rcc.o(.text)
    RCC_SAIBlockBCLKConfig                   0x08007baf   Thumb Code    20  stm32f4xx_rcc.o(.text)
    RCC_LTDCCLKDivConfig                     0x08007bc3   Thumb Code    20  stm32f4xx_rcc.o(.text)
    RCC_TIMCLKPresConfig                     0x08007bd7   Thumb Code     6  stm32f4xx_rcc.o(.text)
    RCC_AHB1PeriphClockCmd                   0x08007bdd   Thumb Code    34  stm32f4xx_rcc.o(.text)
    RCC_AHB2PeriphClockCmd                   0x08007bff   Thumb Code    78  stm32f4xx_rcc.o(.text)
    RCC_AHB3PeriphClockCmd                   0x08007c4d   Thumb Code    34  stm32f4xx_rcc.o(.text)
    RCC_APB1PeriphClockCmd                   0x08007c6f   Thumb Code    34  stm32f4xx_rcc.o(.text)
    RCC_APB2PeriphClockCmd                   0x08007c91   Thumb Code    34  stm32f4xx_rcc.o(.text)
    RCC_AHB1PeriphResetCmd                   0x08007cb3   Thumb Code    34  stm32f4xx_rcc.o(.text)
    RCC_AHB2PeriphResetCmd                   0x08007cd5   Thumb Code    34  stm32f4xx_rcc.o(.text)
    RCC_AHB3PeriphResetCmd                   0x08007cf7   Thumb Code    34  stm32f4xx_rcc.o(.text)
    RCC_APB1PeriphResetCmd                   0x08007d19   Thumb Code    34  stm32f4xx_rcc.o(.text)
    RCC_APB2PeriphResetCmd                   0x08007d3b   Thumb Code    34  stm32f4xx_rcc.o(.text)
    RCC_AHB1PeriphClockLPModeCmd             0x08007d5d   Thumb Code    34  stm32f4xx_rcc.o(.text)
    RCC_AHB2PeriphClockLPModeCmd             0x08007d7f   Thumb Code    34  stm32f4xx_rcc.o(.text)
    RCC_AHB3PeriphClockLPModeCmd             0x08007da1   Thumb Code    34  stm32f4xx_rcc.o(.text)
    RCC_APB1PeriphClockLPModeCmd             0x08007dc3   Thumb Code    34  stm32f4xx_rcc.o(.text)
    RCC_APB2PeriphClockLPModeCmd             0x08007de5   Thumb Code    34  stm32f4xx_rcc.o(.text)
    RCC_LSEModeConfig                        0x08007e07   Thumb Code    40  stm32f4xx_rcc.o(.text)
    RCC_ITConfig                             0x08007e2f   Thumb Code    34  stm32f4xx_rcc.o(.text)
    RCC_ClearFlag                            0x08007e51   Thumb Code    18  stm32f4xx_rcc.o(.text)
    RCC_GetITStatus                          0x08007e63   Thumb Code    22  stm32f4xx_rcc.o(.text)
    RCC_ClearITPendingBit                    0x08007e79   Thumb Code     8  stm32f4xx_rcc.o(.text)
    USART_DeInit                             0x08007e85   Thumb Code   206  stm32f4xx_usart.o(.text)
    USART_Init                               0x08007f53   Thumb Code   204  stm32f4xx_usart.o(.text)
    USART_StructInit                         0x0800801f   Thumb Code    24  stm32f4xx_usart.o(.text)
    USART_ClockInit                          0x08008037   Thumb Code    32  stm32f4xx_usart.o(.text)
    USART_ClockStructInit                    0x08008057   Thumb Code    12  stm32f4xx_usart.o(.text)
    USART_Cmd                                0x08008063   Thumb Code    24  stm32f4xx_usart.o(.text)
    USART_SetPrescaler                       0x0800807b   Thumb Code    16  stm32f4xx_usart.o(.text)
    USART_OverSampling8Cmd                   0x0800808b   Thumb Code    22  stm32f4xx_usart.o(.text)
    USART_OneBitMethodCmd                    0x080080a1   Thumb Code    24  stm32f4xx_usart.o(.text)
    USART_SendData                           0x080080b9   Thumb Code     8  stm32f4xx_usart.o(.text)
    USART_ReceiveData                        0x080080c1   Thumb Code    10  stm32f4xx_usart.o(.text)
    USART_SetAddress                         0x080080cb   Thumb Code    18  stm32f4xx_usart.o(.text)
    USART_ReceiverWakeUpCmd                  0x080080dd   Thumb Code    24  stm32f4xx_usart.o(.text)
    USART_WakeUpConfig                       0x080080f5   Thumb Code    18  stm32f4xx_usart.o(.text)
    USART_LINBreakDetectLengthConfig         0x08008107   Thumb Code    18  stm32f4xx_usart.o(.text)
    USART_LINCmd                             0x08008119   Thumb Code    24  stm32f4xx_usart.o(.text)
    USART_SendBreak                          0x08008131   Thumb Code    10  stm32f4xx_usart.o(.text)
    USART_HalfDuplexCmd                      0x0800813b   Thumb Code    24  stm32f4xx_usart.o(.text)
    USART_SetGuardTime                       0x08008153   Thumb Code    16  stm32f4xx_usart.o(.text)
    USART_SmartCardCmd                       0x08008163   Thumb Code    24  stm32f4xx_usart.o(.text)
    USART_SmartCardNACKCmd                   0x0800817b   Thumb Code    24  stm32f4xx_usart.o(.text)
    USART_IrDAConfig                         0x08008193   Thumb Code    18  stm32f4xx_usart.o(.text)
    USART_IrDACmd                            0x080081a5   Thumb Code    24  stm32f4xx_usart.o(.text)
    USART_DMACmd                             0x080081bd   Thumb Code    18  stm32f4xx_usart.o(.text)
    USART_ITConfig                           0x080081cf   Thumb Code    74  stm32f4xx_usart.o(.text)
    USART_GetFlagStatus                      0x08008219   Thumb Code    26  stm32f4xx_usart.o(.text)
    USART_ClearFlag                          0x08008233   Thumb Code    18  stm32f4xx_usart.o(.text)
    USART_GetITStatus                        0x08008245   Thumb Code   118  stm32f4xx_usart.o(.text)
    USART_ClearITPendingBit                  0x080082bb   Thumb Code    30  stm32f4xx_usart.o(.text)
    TIM_DeInit                               0x080082d9   Thumb Code   346  stm32f4xx_tim.o(.text)
    TIM_TimeBaseInit                         0x08008433   Thumb Code   104  stm32f4xx_tim.o(.text)
    TIM_TimeBaseStructInit                   0x0800849b   Thumb Code    18  stm32f4xx_tim.o(.text)
    TIM_PrescalerConfig                      0x080084ad   Thumb Code     6  stm32f4xx_tim.o(.text)
    TIM_CounterModeConfig                    0x080084b3   Thumb Code    18  stm32f4xx_tim.o(.text)
    TIM_SetCounter                           0x080084c5   Thumb Code     4  stm32f4xx_tim.o(.text)
    TIM_SetAutoreload                        0x080084c9   Thumb Code     4  stm32f4xx_tim.o(.text)
    TIM_GetCounter                           0x080084cd   Thumb Code     6  stm32f4xx_tim.o(.text)
    TIM_GetPrescaler                         0x080084d3   Thumb Code     6  stm32f4xx_tim.o(.text)
    TIM_UpdateDisableConfig                  0x080084d9   Thumb Code    24  stm32f4xx_tim.o(.text)
    TIM_UpdateRequestConfig                  0x080084f1   Thumb Code    24  stm32f4xx_tim.o(.text)
    TIM_ARRPreloadConfig                     0x08008509   Thumb Code    24  stm32f4xx_tim.o(.text)
    TIM_SelectOnePulseMode                   0x08008521   Thumb Code    18  stm32f4xx_tim.o(.text)
    TIM_SetClockDivision                     0x08008533   Thumb Code    18  stm32f4xx_tim.o(.text)
    TIM_Cmd                                  0x08008545   Thumb Code    24  stm32f4xx_tim.o(.text)
    TIM_OC1Init                              0x0800855d   Thumb Code   114  stm32f4xx_tim.o(.text)
    TIM_OC2Init                              0x080085cf   Thumb Code   154  stm32f4xx_tim.o(.text)
    TIM_OC3Init                              0x08008669   Thumb Code   204  stm32f4xx_tim.o(.text)
    TIM_OC4Init                              0x08008735   Thumb Code   112  stm32f4xx_tim.o(.text)
    TIM_OCStructInit                         0x080087a5   Thumb Code    20  stm32f4xx_tim.o(.text)
    TIM_SelectOCxM                           0x080087b9   Thumb Code    86  stm32f4xx_tim.o(.text)
    TIM_SetCompare1                          0x0800880f   Thumb Code     4  stm32f4xx_tim.o(.text)
    TIM_SetCompare2                          0x08008813   Thumb Code     4  stm32f4xx_tim.o(.text)
    TIM_SetCompare3                          0x08008817   Thumb Code     4  stm32f4xx_tim.o(.text)
    TIM_SetCompare4                          0x0800881b   Thumb Code     4  stm32f4xx_tim.o(.text)
    TIM_ForcedOC1Config                      0x0800881f   Thumb Code    18  stm32f4xx_tim.o(.text)
    TIM_ForcedOC2Config                      0x08008831   Thumb Code    26  stm32f4xx_tim.o(.text)
    TIM_ForcedOC3Config                      0x0800884b   Thumb Code    18  stm32f4xx_tim.o(.text)
    TIM_ForcedOC4Config                      0x0800885d   Thumb Code    26  stm32f4xx_tim.o(.text)
    TIM_OC1PreloadConfig                     0x08008877   Thumb Code    18  stm32f4xx_tim.o(.text)
    TIM_OC2PreloadConfig                     0x08008889   Thumb Code    26  stm32f4xx_tim.o(.text)
    TIM_OC3PreloadConfig                     0x080088a3   Thumb Code    18  stm32f4xx_tim.o(.text)
    TIM_OC4PreloadConfig                     0x080088b5   Thumb Code    26  stm32f4xx_tim.o(.text)
    TIM_OC1FastConfig                        0x080088cf   Thumb Code    18  stm32f4xx_tim.o(.text)
    TIM_OC2FastConfig                        0x080088e1   Thumb Code    26  stm32f4xx_tim.o(.text)
    TIM_OC3FastConfig                        0x080088fb   Thumb Code    18  stm32f4xx_tim.o(.text)
    TIM_OC4FastConfig                        0x0800890d   Thumb Code    26  stm32f4xx_tim.o(.text)
    TIM_ClearOC1Ref                          0x08008927   Thumb Code    18  stm32f4xx_tim.o(.text)
    TIM_ClearOC2Ref                          0x08008939   Thumb Code    24  stm32f4xx_tim.o(.text)
    TIM_ClearOC3Ref                          0x08008951   Thumb Code    18  stm32f4xx_tim.o(.text)
    TIM_ClearOC4Ref                          0x08008963   Thumb Code    24  stm32f4xx_tim.o(.text)
    TIM_OC1PolarityConfig                    0x0800897b   Thumb Code    18  stm32f4xx_tim.o(.text)
    TIM_OC1NPolarityConfig                   0x0800898d   Thumb Code    18  stm32f4xx_tim.o(.text)
    TIM_OC2PolarityConfig                    0x0800899f   Thumb Code    26  stm32f4xx_tim.o(.text)
    TIM_OC2NPolarityConfig                   0x080089b9   Thumb Code    26  stm32f4xx_tim.o(.text)
    TIM_OC3PolarityConfig                    0x080089d3   Thumb Code    26  stm32f4xx_tim.o(.text)
    TIM_OC3NPolarityConfig                   0x080089ed   Thumb Code    26  stm32f4xx_tim.o(.text)
    TIM_OC4PolarityConfig                    0x08008a07   Thumb Code    26  stm32f4xx_tim.o(.text)
    TIM_CCxCmd                               0x08008a21   Thumb Code    30  stm32f4xx_tim.o(.text)
    TIM_CCxNCmd                              0x08008a3f   Thumb Code    30  stm32f4xx_tim.o(.text)
    TIM_SetIC4Prescaler                      0x08008a5d   Thumb Code    26  stm32f4xx_tim.o(.text)
    TIM_SetIC3Prescaler                      0x08008ac7   Thumb Code    18  stm32f4xx_tim.o(.text)
    TIM_SetIC2Prescaler                      0x08008b21   Thumb Code    26  stm32f4xx_tim.o(.text)
    TIM_SetIC1Prescaler                      0x08008b95   Thumb Code    18  stm32f4xx_tim.o(.text)
    TIM_ICInit                               0x08008be1   Thumb Code   110  stm32f4xx_tim.o(.text)
    TIM_ICStructInit                         0x08008c4f   Thumb Code    18  stm32f4xx_tim.o(.text)
    TIM_PWMIConfig                           0x08008c61   Thumb Code   124  stm32f4xx_tim.o(.text)
    TIM_GetCapture1                          0x08008cdd   Thumb Code     6  stm32f4xx_tim.o(.text)
    TIM_GetCapture2                          0x08008ce3   Thumb Code     6  stm32f4xx_tim.o(.text)
    TIM_GetCapture3                          0x08008ce9   Thumb Code     6  stm32f4xx_tim.o(.text)
    TIM_GetCapture4                          0x08008cef   Thumb Code     6  stm32f4xx_tim.o(.text)
    TIM_BDTRConfig                           0x08008cf5   Thumb Code    32  stm32f4xx_tim.o(.text)
    TIM_BDTRStructInit                       0x08008d15   Thumb Code    18  stm32f4xx_tim.o(.text)
    TIM_CtrlPWMOutputs                       0x08008d27   Thumb Code    30  stm32f4xx_tim.o(.text)
    TIM_SelectCOM                            0x08008d45   Thumb Code    24  stm32f4xx_tim.o(.text)
    TIM_CCPreloadControl                     0x08008d5d   Thumb Code    24  stm32f4xx_tim.o(.text)
    TIM_ITConfig                             0x08008d75   Thumb Code    18  stm32f4xx_tim.o(.text)
    TIM_GenerateEvent                        0x08008d87   Thumb Code     4  stm32f4xx_tim.o(.text)
    TIM_GetFlagStatus                        0x08008d8b   Thumb Code    18  stm32f4xx_tim.o(.text)
    TIM_ClearFlag                            0x08008d9d   Thumb Code     6  stm32f4xx_tim.o(.text)
    TIM_GetITStatus                          0x08008da3   Thumb Code    34  stm32f4xx_tim.o(.text)
    TIM_ClearITPendingBit                    0x08008dc5   Thumb Code     6  stm32f4xx_tim.o(.text)
    TIM_DMAConfig                            0x08008dcb   Thumb Code    10  stm32f4xx_tim.o(.text)
    TIM_DMACmd                               0x08008dd5   Thumb Code    18  stm32f4xx_tim.o(.text)
    TIM_SelectCCDMA                          0x08008de7   Thumb Code    24  stm32f4xx_tim.o(.text)
    TIM_InternalClockConfig                  0x08008dff   Thumb Code    12  stm32f4xx_tim.o(.text)
    TIM_SelectInputTrigger                   0x08008e0b   Thumb Code    18  stm32f4xx_tim.o(.text)
    TIM_ITRxExternalClockConfig              0x08008e1d   Thumb Code    24  stm32f4xx_tim.o(.text)
    TIM_TIxExternalClockConfig               0x08008e35   Thumb Code    62  stm32f4xx_tim.o(.text)
    TIM_ETRConfig                            0x08008e73   Thumb Code    28  stm32f4xx_tim.o(.text)
    TIM_ETRClockMode1Config                  0x08008e8f   Thumb Code    54  stm32f4xx_tim.o(.text)
    TIM_ETRClockMode2Config                  0x08008ec5   Thumb Code    32  stm32f4xx_tim.o(.text)
    TIM_SelectOutputTrigger                  0x08008ee5   Thumb Code    18  stm32f4xx_tim.o(.text)
    TIM_SelectSlaveMode                      0x08008ef7   Thumb Code    18  stm32f4xx_tim.o(.text)
    TIM_SelectMasterSlaveMode                0x08008f09   Thumb Code    18  stm32f4xx_tim.o(.text)
    TIM_EncoderInterfaceConfig               0x08008f1b   Thumb Code    66  stm32f4xx_tim.o(.text)
    TIM_SelectHallSensor                     0x08008f5d   Thumb Code    24  stm32f4xx_tim.o(.text)
    TIM_RemapConfig                          0x08008f75   Thumb Code     6  stm32f4xx_tim.o(.text)
    SPI_I2S_DeInit                           0x08008f7d   Thumb Code   152  stm32f4xx_spi.o(.text)
    SPI_Init                                 0x08009015   Thumb Code    60  stm32f4xx_spi.o(.text)
    I2S_Init                                 0x08009051   Thumb Code   396  stm32f4xx_spi.o(.text)
    SPI_StructInit                           0x080091dd   Thumb Code    24  stm32f4xx_spi.o(.text)
    I2S_StructInit                           0x080091f5   Thumb Code    20  stm32f4xx_spi.o(.text)
    SPI_Cmd                                  0x08009209   Thumb Code    24  stm32f4xx_spi.o(.text)
    I2S_Cmd                                  0x08009221   Thumb Code    24  stm32f4xx_spi.o(.text)
    SPI_DataSizeConfig                       0x08009239   Thumb Code    18  stm32f4xx_spi.o(.text)
    SPI_BiDirectionalLineConfig              0x0800924b   Thumb Code    28  stm32f4xx_spi.o(.text)
    SPI_NSSInternalSoftwareConfig            0x08009267   Thumb Code    30  stm32f4xx_spi.o(.text)
    SPI_SSOutputCmd                          0x08009285   Thumb Code    24  stm32f4xx_spi.o(.text)
    SPI_TIModeCmd                            0x0800929d   Thumb Code    24  stm32f4xx_spi.o(.text)
    I2S_FullDuplexConfig                     0x080092b5   Thumb Code    80  stm32f4xx_spi.o(.text)
    SPI_I2S_ReceiveData                      0x08009305   Thumb Code     6  stm32f4xx_spi.o(.text)
    SPI_I2S_SendData                         0x0800930b   Thumb Code     4  stm32f4xx_spi.o(.text)
    SPI_CalculateCRC                         0x0800930f   Thumb Code    24  stm32f4xx_spi.o(.text)
    SPI_TransmitCRC                          0x08009327   Thumb Code    10  stm32f4xx_spi.o(.text)
    SPI_GetCRC                               0x08009331   Thumb Code    16  stm32f4xx_spi.o(.text)
    SPI_GetCRCPolynomial                     0x08009341   Thumb Code     6  stm32f4xx_spi.o(.text)
    SPI_I2S_DMACmd                           0x08009347   Thumb Code    18  stm32f4xx_spi.o(.text)
    SPI_I2S_ITConfig                         0x08009359   Thumb Code    68  stm32f4xx_spi.o(.text)
    SPI_I2S_GetFlagStatus                    0x0800939d   Thumb Code    18  stm32f4xx_spi.o(.text)
    SPI_I2S_ClearFlag                        0x080093af   Thumb Code     6  stm32f4xx_spi.o(.text)
    SPI_I2S_GetITStatus                      0x080093b5   Thumb Code    52  stm32f4xx_spi.o(.text)
    SPI_I2S_ClearITPendingBit                0x080093e9   Thumb Code    20  stm32f4xx_spi.o(.text)
    __use_no_semihosting                     0x080093fd   Thumb Code     2  use_no_semi_2.o(.text)
    vsprintf                                 0x08009401   Thumb Code    32  vsprintf.o(.text)
    __2printf                                0x08009425   Thumb Code    20  __2printf.o(.text)
    __2sprintf                               0x0800943d   Thumb Code    38  __2sprintf.o(.text)
    _printf_str                              0x08009469   Thumb Code    82  _printf_str.o(.text)
    _printf_int_dec                          0x080094bd   Thumb Code   104  _printf_dec.o(.text)
    _printf_longlong_hex                     0x08009535   Thumb Code    86  _printf_hex_int_ll_ptr.o(.text)
    _printf_int_hex                          0x0800958b   Thumb Code    28  _printf_hex_int_ll_ptr.o(.text)
    _printf_ll_hex                           0x080095a7   Thumb Code    12  _printf_hex_int_ll_ptr.o(.text)
    _printf_hex_ptr                          0x080095b3   Thumb Code    18  _printf_hex_int_ll_ptr.o(.text)
    __printf                                 0x080095c9   Thumb Code   388  __printf_flags_ss_wp.o(.text)
    strlen                                   0x08009751   Thumb Code    62  strlen.o(.text)
    __aeabi_memclr4                          0x0800978f   Thumb Code     0  rt_memclr_w.o(.text)
    __aeabi_memclr8                          0x0800978f   Thumb Code     0  rt_memclr_w.o(.text)
    __rt_memclr_w                            0x0800978f   Thumb Code    78  rt_memclr_w.o(.text)
    _memset_w                                0x08009793   Thumb Code     0  rt_memclr_w.o(.text)
    strcmp                                   0x080097dd   Thumb Code   128  strcmpv7m.o(.text)
    __use_two_region_memory                  0x0800985d   Thumb Code     2  heapauxi.o(.text)
    __rt_heap_escrow$2region                 0x0800985f   Thumb Code     2  heapauxi.o(.text)
    __rt_heap_expand$2region                 0x08009861   Thumb Code     2  heapauxi.o(.text)
    __I$use$semihosting                      0x08009863   Thumb Code     0  use_no_semi.o(.text)
    __use_no_semihosting_swi                 0x08009863   Thumb Code     2  use_no_semi.o(.text)
    _printf_pre_padding                      0x08009865   Thumb Code    44  _printf_pad.o(.text)
    _printf_post_padding                     0x08009891   Thumb Code    34  _printf_pad.o(.text)
    _printf_truncate_signed                  0x080098b3   Thumb Code    18  _printf_truncate.o(.text)
    _printf_truncate_unsigned                0x080098c5   Thumb Code    18  _printf_truncate.o(.text)
    _printf_int_common                       0x080098d7   Thumb Code   178  _printf_intcommon.o(.text)
    _printf_charcount                        0x08009989   Thumb Code    40  _printf_charcount.o(.text)
    _printf_char_common                      0x080099bb   Thumb Code    32  _printf_char_common.o(.text)
    _sputc                                   0x080099e1   Thumb Code    10  _sputc.o(.text)
    _printf_cs_common                        0x080099eb   Thumb Code    20  _printf_char.o(.text)
    _printf_char                             0x080099ff   Thumb Code    16  _printf_char.o(.text)
    _printf_string                           0x08009a0f   Thumb Code     8  _printf_char.o(.text)
    _printf_char_file                        0x08009a19   Thumb Code    32  _printf_char_file.o(.text)
    _printf_wctomb                           0x08009a3d   Thumb Code   182  _printf_wctomb.o(.text)
    _printf_longlong_dec                     0x08009af9   Thumb Code   108  _printf_longlong_dec.o(.text)
    _printf_longlong_oct                     0x08009b75   Thumb Code    68  _printf_oct_int_ll.o(.text)
    _printf_int_oct                          0x08009bb9   Thumb Code    24  _printf_oct_int_ll.o(.text)
    _printf_ll_oct                           0x08009bd1   Thumb Code    12  _printf_oct_int_ll.o(.text)
    _ll_udiv10                               0x08009be5   Thumb Code   138  lludiv10.o(.text)
    __lib_sel_fp_printf                      0x08009c6f   Thumb Code     2  _printf_fp_dec.o(.text)
    _printf_fp_dec_real                      0x08009e1d   Thumb Code   620  _printf_fp_dec.o(.text)
    _printf_fp_hex_real                      0x0800a089   Thumb Code   754  _printf_fp_hex.o(.text)
    _printf_lcs_common                       0x0800a385   Thumb Code    20  _printf_wchar.o(.text)
    _printf_wchar                            0x0800a399   Thumb Code    16  _printf_wchar.o(.text)
    _printf_wstring                          0x0800a3a9   Thumb Code     8  _printf_wchar.o(.text)
    ferror                                   0x0800a3b1   Thumb Code     8  ferror.o(.text)
    _wcrtomb                                 0x0800a3b9   Thumb Code    64  _wcrtomb.o(.text)
    __user_setup_stackheap                   0x0800a3f9   Thumb Code    74  sys_stackheap_outer.o(.text)
    __rt_ctype_table                         0x0800a445   Thumb Code    16  rt_ctype_table.o(.text)
    __rt_locale                              0x0800a455   Thumb Code     8  rt_locale_intlibspace.o(.text)
    _printf_fp_infnan                        0x0800a45d   Thumb Code   112  _printf_fp_infnan.o(.text)
    _btod_etento                             0x0800a4dd   Thumb Code   216  bigflt0.o(.text)
    exit                                     0x0800a5b9   Thumb Code    12  exit.o(.text)
    __user_libspace                          0x0800a5c5   Thumb Code     8  libspace.o(.text)
    __user_perproc_libspace                  0x0800a5c5   Thumb Code     0  libspace.o(.text)
    __user_perthread_libspace                0x0800a5c5   Thumb Code     0  libspace.o(.text)
    _btod_d2e                                0x0800a5cd   Thumb Code    62  btod.o(CL$$btod_d2e)
    _d2e_denorm_low                          0x0800a60b   Thumb Code    70  btod.o(CL$$btod_d2e_denorm_low)
    _d2e_norm_op1                            0x0800a651   Thumb Code    96  btod.o(CL$$btod_d2e_norm_op1)
    __btod_div_common                        0x0800a6b1   Thumb Code   696  btod.o(CL$$btod_div_common)
    _e2e                                     0x0800a9e9   Thumb Code   198  btod.o(CL$$btod_e2e)
    _btod_ediv                               0x0800aaaf   Thumb Code    40  btod.o(CL$$btod_ediv)
    _btod_emul                               0x0800aad7   Thumb Code    40  btod.o(CL$$btod_emul)
    __btod_mult_common                       0x0800aaff   Thumb Code   580  btod.o(CL$$btod_mult_common)
    M8266HostIf_SPI_DMA_StartReceiveSendData 0x0800ad45   Thumb Code    90  m8266wifidrv.o(i.M8266HostIf_SPI_DMA_StartReceiveSendData)
    M8266HostIf_SPI_rrs                      0x0800ada9   Thumb Code    28  m8266wifidrv.o(i.M8266HostIf_SPI_rrs)
    M8266HostIf_SPI_wrs                      0x0800adc9   Thumb Code    44  m8266wifidrv.o(i.M8266HostIf_SPI_wrs)
    M8266WIFI_SPI_Send_Data                  0x0800adf9   Thumb Code    18  m8266wifidrv.o(i.M8266WIFI_SPI_Send_Data)
    M8266WIFI_SPI_Slave_Has_Response         0x0800ae0b   Thumb Code    22  m8266wifidrv.o(i.M8266WIFI_SPI_Slave_Has_Response)
    M8266WIFI_SPI_TxdBuffer_Free             0x0800ae21   Thumb Code    22  m8266wifidrv.o(i.M8266WIFI_SPI_TxdBuffer_Free)
    M8266WIFI_SPI_csb                        0x0800ae39   Thumb Code    88  m8266wifidrv.o(i.M8266WIFI_SPI_csb)
    M8266WIFI_SPI_rra                        0x0800ae91   Thumb Code    32  m8266wifidrv.o(i.M8266WIFI_SPI_rra)
    M8266WIFI_SPI_rru                        0x0800aeb1   Thumb Code    66  m8266wifidrv.o(i.M8266WIFI_SPI_rru)
    M8266WIFI_SPI_sdfal                      0x0800aef5   Thumb Code   548  m8266wifidrv.o(i.M8266WIFI_SPI_sdfal)
    M8266WIFI_SPI_srh                        0x0800b125   Thumb Code   284  m8266wifidrv.o(i.M8266WIFI_SPI_srh)
    M8266WIFI_SPI_ssa                        0x0800b249   Thumb Code    32  m8266wifidrv.o(i.M8266WIFI_SPI_ssa)
    M8266WIFI_SPI_ssb                        0x0800b269   Thumb Code   116  m8266wifidrv.o(i.M8266WIFI_SPI_ssb)
    M8266WIFI_SPI_ssu                        0x0800b2dd   Thumb Code    72  m8266wifidrv.o(i.M8266WIFI_SPI_ssu)
    M8266WIFI_SPI_ssud                       0x0800b329   Thumb Code    66  m8266wifidrv.o(i.M8266WIFI_SPI_ssud)
    M8266WIFI_SPI_ssut                       0x0800b371   Thumb Code    72  m8266wifidrv.o(i.M8266WIFI_SPI_ssut)
    M8266WIFI_SPI_tufs                       0x0800b3bd   Thumb Code    22  m8266wifidrv.o(i.M8266WIFI_SPI_tufs)
    M8266WIFI_SPI_wsbsbs1                    0x0800b3d3   Thumb Code    58  m8266wifidrv.o(i.M8266WIFI_SPI_wsbsbs1)
    M8266WIFI_SPI_wscbf                      0x0800b40d   Thumb Code    66  m8266wifidrv.o(i.M8266WIFI_SPI_wscbf)
    M8266WIFI_SPI_wscr                       0x0800b44f   Thumb Code    76  m8266wifidrv.o(i.M8266WIFI_SPI_wscr)
    M8266WIFI_SPI_wspss                      0x0800b49b   Thumb Code    84  m8266wifidrv.o(i.M8266WIFI_SPI_wspss)
    M8266WIFI_Wait_SPI_sfad                  0x0800b4ef   Thumb Code    64  m8266wifidrv.o(i.M8266WIFI_Wait_SPI_sfad)
    SPI_STA_Get_HostIP_by_HostName           0x0800b531   Thumb Code   346  m8266wifidrv.o(i.SPI_STA_Get_HostIP_by_HostName)
    __ARM_fpclassify                         0x0800b6a5   Thumb Code    48  fpclassify.o(i.__ARM_fpclassify)
    _is_digit                                0x0800b6d5   Thumb Code    14  __printf_wp.o(i._is_digit)
    fvcp                                     0x0800b6e3   Thumb Code    76  m8266wifidrv.o(i.fvcp)
    fvdnstap                                 0x0800b731   Thumb Code    44  m8266wifidrv.o(i.fvdnstap)
    _get_lc_numeric                          0x0800b761   Thumb Code    44  lc_numeric_c.o(locale$$code)
    _get_lc_ctype                            0x0800b78d   Thumb Code    44  lc_ctype_c.o(locale$$code)
    __aeabi_d2uiz                            0x0800b7b9   Thumb Code     0  dfixu.o(x$fpl$dfixu)
    _dfixu                                   0x0800b7b9   Thumb Code    90  dfixu.o(x$fpl$dfixu)
    __aeabi_ui2d                             0x0800b813   Thumb Code     0  dflt_clz.o(x$fpl$dfltu)
    _dfltu                                   0x0800b813   Thumb Code    38  dflt_clz.o(x$fpl$dfltu)
    __aeabi_dmul                             0x0800b839   Thumb Code     0  dmul.o(x$fpl$dmul)
    _dmul                                    0x0800b839   Thumb Code   332  dmul.o(x$fpl$dmul)
    __fpl_dnaninf                            0x0800b98d   Thumb Code   156  dnaninf.o(x$fpl$dnaninf)
    __fpl_dretinf                            0x0800ba29   Thumb Code    12  dretinf.o(x$fpl$dretinf)
    _fp_init                                 0x0800ba35   Thumb Code    10  fpinit.o(x$fpl$fpinit)
    __fplib_config_fpu_vfp                   0x0800ba3d   Thumb Code     0  fpinit.o(x$fpl$fpinit)
    __fplib_config_pureend_doubles           0x0800ba3d   Thumb Code     0  fpinit.o(x$fpl$fpinit)
    _printf_fp_dec                           0x0800ba3f   Thumb Code     4  printf1.o(x$fpl$printf1)
    _printf_fp_hex                           0x0800ba43   Thumb Code     4  printf2.o(x$fpl$printf2)
    __I$use$fp                               0x0800ba46   Number         0  usenofp.o(x$fpl$usenofp)
    asc2_1206                                0x0800ba46   Data        1140  lcd.o(.constdata)
    asc2_1608                                0x0800beba   Data        1520  lcd.o(.constdata)
    asc2_2412                                0x0800c4aa   Data        3420  lcd.o(.constdata)
    ov2640_sxga_init_reg_tbl                 0x0800d206   Data         356  ov2640.o(.constdata)
    ov2640_svga_init_reg_tbl                 0x0800d36a   Data         354  ov2640.o(.constdata)
    ov2640_jpeg_reg_tbl                      0x0800d4cc   Data          14  ov2640.o(.constdata)
    ov2640_rgb565_reg_tbl                    0x0800d4da   Data          28  ov2640.o(.constdata)
    ov2640_yuv422_reg_tbl                    0x0800d4f6   Data          16  ov2640.o(.constdata)
    jpeg_img_size_tbl                        0x0800d52e   Data          36  image.o(.constdata)
    FSMC_DefaultTimingStruct                 0x0800d554   Data          28  stm32f4xx_fsmc.o(.constdata)
    Region$$Table$$Base                      0x0800d6e8   Number         0  anon$$obj.o(Region$$Table)
    Region$$Table$$Limit                     0x0800d708   Number         0  anon$$obj.o(Region$$Table)
    __ctype                                  0x0800d731   Data           0  lc_ctype_c.o(locale$$data)
    SystemCoreClock                          0x20000000   Data           4  system_stm32f4xx.o(.data)
    AHBPrescTable                            0x20000004   Data          16  system_stm32f4xx.o(.data)
    POINT_COLOR                              0x20000014   Data           2  lcd.o(.data)
    BACK_COLOR                               0x20000016   Data           2  lcd.o(.data)
    ov_frame                                 0x20000019   Data           1  dcmi.o(.data)
    jpeg_data_len                            0x2000001c   Data           4  image.o(.data)
    jpeg_data_ok                             0x20000020   Data           1  image.o(.data)
    EFFECTS_TBL                              0x20000024   Data          28  image.o(.data)
    JPEG_SIZE_TBL                            0x20000040   Data          36  image.o(.data)
    USART3_RX_STA                            0x20000064   Data           2  usart3.o(.data)
    __stdout                                 0x2000006c   Data           4  usart.o(.data)
    USART_RX_STA                             0x20000070   Data           2  usart.o(.data)
    lcddev                                   0x200000b0   Data          14  lcd.o(.bss)
    DCMI_InitStructure                       0x200000be   Data          14  dcmi.o(.bss)
    jpeg_buf                                 0x200000cc   Data       126976  image.o(.bss)
    USART3_TX_BUF                            0x2001f0d0   Data         400  usart3.o(.bss)
    USART3_RX_BUF                            0x2001f260   Data         400  usart3.o(.bss)
    USART_RX_BUF                             0x2001f3f0   Data         200  usart.o(.bss)
    __libspace_start                         0x2001f4fc   Data          96  libspace.o(.bss)
    __temporary_stack_top$libspace           0x2001f55c   Data           0  libspace.o(.bss)



==============================================================================

Memory Map of the image

  Image Entry point : 0x08000189

  Load Region LR_IROM1 (Base: 0x08000000, Size: 0x0000d8e4, Max: 0x00080000, ABSOLUTE)

    Execution Region ER_IROM1 (Base: 0x08000000, Size: 0x0000d834, Max: 0x00080000, ABSOLUTE)

    Base Addr    Size         Type   Attr      Idx    E Section Name        Object

    0x08000000   0x00000188   Data   RO          640    RESET               startup_stm32f40_41xxx.o
    0x08000188   0x00000008   Code   RO         1276  * !!!main             c_w.l(__main.o)
    0x08000190   0x00000034   Code   RO         1563    !!!scatter          c_w.l(__scatter.o)
    0x080001c4   0x0000001a   Code   RO         1565    !!handler_copy      c_w.l(__scatter_copy.o)
    0x080001de   0x00000002   PAD
    0x080001e0   0x0000001c   Code   RO         1567    !!handler_zi        c_w.l(__scatter_zi.o)
    0x080001fc   0x00000000   Code   RO         1267    .ARM.Collect$$_printf_percent$$00000000  c_w.l(_printf_percent.o)
    0x080001fc   0x00000006   Code   RO         1321    .ARM.Collect$$_printf_percent$$00000001  c_w.l(_printf_n.o)
    0x08000202   0x00000006   Code   RO         1322    .ARM.Collect$$_printf_percent$$00000002  c_w.l(_printf_p.o)
    0x08000208   0x00000006   Code   RO         1326    .ARM.Collect$$_printf_percent$$00000003  c_w.l(_printf_f.o)
    0x0800020e   0x00000006   Code   RO         1327    .ARM.Collect$$_printf_percent$$00000004  c_w.l(_printf_e.o)
    0x08000214   0x00000006   Code   RO         1328    .ARM.Collect$$_printf_percent$$00000005  c_w.l(_printf_g.o)
    0x0800021a   0x00000006   Code   RO         1329    .ARM.Collect$$_printf_percent$$00000006  c_w.l(_printf_a.o)
    0x08000220   0x0000000a   Code   RO         1334    .ARM.Collect$$_printf_percent$$00000007  c_w.l(_printf_ll.o)
    0x0800022a   0x00000006   Code   RO         1324    .ARM.Collect$$_printf_percent$$00000008  c_w.l(_printf_i.o)
    0x08000230   0x00000006   Code   RO         1266    .ARM.Collect$$_printf_percent$$00000009  c_w.l(_printf_d.o)
    0x08000236   0x00000006   Code   RO         1325    .ARM.Collect$$_printf_percent$$0000000A  c_w.l(_printf_u.o)
    0x0800023c   0x00000006   Code   RO         1323    .ARM.Collect$$_printf_percent$$0000000B  c_w.l(_printf_o.o)
    0x08000242   0x00000006   Code   RO         1265    .ARM.Collect$$_printf_percent$$0000000C  c_w.l(_printf_x.o)
    0x08000248   0x00000006   Code   RO         1331    .ARM.Collect$$_printf_percent$$0000000D  c_w.l(_printf_lli.o)
    0x0800024e   0x00000006   Code   RO         1332    .ARM.Collect$$_printf_percent$$0000000E  c_w.l(_printf_lld.o)
    0x08000254   0x00000006   Code   RO         1333    .ARM.Collect$$_printf_percent$$0000000F  c_w.l(_printf_llu.o)
    0x0800025a   0x00000006   Code   RO         1338    .ARM.Collect$$_printf_percent$$00000010  c_w.l(_printf_llo.o)
    0x08000260   0x00000006   Code   RO         1339    .ARM.Collect$$_printf_percent$$00000011  c_w.l(_printf_llx.o)
    0x08000266   0x0000000a   Code   RO         1335    .ARM.Collect$$_printf_percent$$00000012  c_w.l(_printf_l.o)
    0x08000270   0x00000006   Code   RO         1320    .ARM.Collect$$_printf_percent$$00000013  c_w.l(_printf_c.o)
    0x08000276   0x00000006   Code   RO         1264    .ARM.Collect$$_printf_percent$$00000014  c_w.l(_printf_s.o)
    0x0800027c   0x00000006   Code   RO         1336    .ARM.Collect$$_printf_percent$$00000015  c_w.l(_printf_lc.o)
    0x08000282   0x00000006   Code   RO         1337    .ARM.Collect$$_printf_percent$$00000016  c_w.l(_printf_ls.o)
    0x08000288   0x00000004   Code   RO         1330    .ARM.Collect$$_printf_percent$$00000017  c_w.l(_printf_percent_end.o)
    0x0800028c   0x00000002   Code   RO         1431    .ARM.Collect$$libinit$$00000000  c_w.l(libinit.o)
    0x0800028e   0x00000004   Code   RO         1444    .ARM.Collect$$libinit$$00000001  c_w.l(libinit2.o)
    0x08000292   0x00000000   Code   RO         1447    .ARM.Collect$$libinit$$00000004  c_w.l(libinit2.o)
    0x08000292   0x00000000   Code   RO         1450    .ARM.Collect$$libinit$$0000000A  c_w.l(libinit2.o)
    0x08000292   0x00000000   Code   RO         1452    .ARM.Collect$$libinit$$0000000C  c_w.l(libinit2.o)
    0x08000292   0x00000000   Code   RO         1454    .ARM.Collect$$libinit$$0000000E  c_w.l(libinit2.o)
    0x08000292   0x00000006   Code   RO         1455    .ARM.Collect$$libinit$$0000000F  c_w.l(libinit2.o)
    0x08000298   0x00000000   Code   RO         1457    .ARM.Collect$$libinit$$00000011  c_w.l(libinit2.o)
    0x08000298   0x0000000c   Code   RO         1458    .ARM.Collect$$libinit$$00000012  c_w.l(libinit2.o)
    0x080002a4   0x00000000   Code   RO         1459    .ARM.Collect$$libinit$$00000013  c_w.l(libinit2.o)
    0x080002a4   0x00000000   Code   RO         1461    .ARM.Collect$$libinit$$00000015  c_w.l(libinit2.o)
    0x080002a4   0x0000000a   Code   RO         1462    .ARM.Collect$$libinit$$00000016  c_w.l(libinit2.o)
    0x080002ae   0x00000000   Code   RO         1463    .ARM.Collect$$libinit$$00000017  c_w.l(libinit2.o)
    0x080002ae   0x00000000   Code   RO         1465    .ARM.Collect$$libinit$$00000019  c_w.l(libinit2.o)
    0x080002ae   0x00000000   Code   RO         1467    .ARM.Collect$$libinit$$0000001B  c_w.l(libinit2.o)
    0x080002ae   0x00000000   Code   RO         1469    .ARM.Collect$$libinit$$0000001D  c_w.l(libinit2.o)
    0x080002ae   0x00000000   Code   RO         1471    .ARM.Collect$$libinit$$0000001F  c_w.l(libinit2.o)
    0x080002ae   0x00000000   Code   RO         1473    .ARM.Collect$$libinit$$00000021  c_w.l(libinit2.o)
    0x080002ae   0x00000000   Code   RO         1475    .ARM.Collect$$libinit$$00000023  c_w.l(libinit2.o)
    0x080002ae   0x00000000   Code   RO         1477    .ARM.Collect$$libinit$$00000025  c_w.l(libinit2.o)
    0x080002ae   0x00000000   Code   RO         1481    .ARM.Collect$$libinit$$0000002C  c_w.l(libinit2.o)
    0x080002ae   0x00000000   Code   RO         1483    .ARM.Collect$$libinit$$0000002E  c_w.l(libinit2.o)
    0x080002ae   0x00000000   Code   RO         1485    .ARM.Collect$$libinit$$00000030  c_w.l(libinit2.o)
    0x080002ae   0x00000000   Code   RO         1487    .ARM.Collect$$libinit$$00000032  c_w.l(libinit2.o)
    0x080002ae   0x00000002   Code   RO         1488    .ARM.Collect$$libinit$$00000033  c_w.l(libinit2.o)
    0x080002b0   0x00000002   Code   RO         1506    .ARM.Collect$$libshutdown$$00000000  c_w.l(libshutdown.o)
    0x080002b2   0x00000000   Code   RO         1517    .ARM.Collect$$libshutdown$$00000003  c_w.l(libshutdown2.o)
    0x080002b2   0x00000000   Code   RO         1520    .ARM.Collect$$libshutdown$$00000006  c_w.l(libshutdown2.o)
    0x080002b2   0x00000000   Code   RO         1523    .ARM.Collect$$libshutdown$$00000009  c_w.l(libshutdown2.o)
    0x080002b2   0x00000000   Code   RO         1525    .ARM.Collect$$libshutdown$$0000000B  c_w.l(libshutdown2.o)
    0x080002b2   0x00000000   Code   RO         1528    .ARM.Collect$$libshutdown$$0000000E  c_w.l(libshutdown2.o)
    0x080002b2   0x00000002   Code   RO         1529    .ARM.Collect$$libshutdown$$0000000F  c_w.l(libshutdown2.o)
    0x080002b4   0x00000000   Code   RO         1292    .ARM.Collect$$rtentry$$00000000  c_w.l(__rtentry.o)
    0x080002b4   0x00000000   Code   RO         1354    .ARM.Collect$$rtentry$$00000002  c_w.l(__rtentry2.o)
    0x080002b4   0x00000006   Code   RO         1366    .ARM.Collect$$rtentry$$00000004  c_w.l(__rtentry4.o)
    0x080002ba   0x00000000   Code   RO         1356    .ARM.Collect$$rtentry$$00000009  c_w.l(__rtentry2.o)
    0x080002ba   0x00000004   Code   RO         1357    .ARM.Collect$$rtentry$$0000000A  c_w.l(__rtentry2.o)
    0x080002be   0x00000000   Code   RO         1359    .ARM.Collect$$rtentry$$0000000C  c_w.l(__rtentry2.o)
    0x080002be   0x00000008   Code   RO         1360    .ARM.Collect$$rtentry$$0000000D  c_w.l(__rtentry2.o)
    0x080002c6   0x00000002   Code   RO         1439    .ARM.Collect$$rtexit$$00000000  c_w.l(rtexit.o)
    0x080002c8   0x00000000   Code   RO         1490    .ARM.Collect$$rtexit$$00000002  c_w.l(rtexit2.o)
    0x080002c8   0x00000004   Code   RO         1491    .ARM.Collect$$rtexit$$00000003  c_w.l(rtexit2.o)
    0x080002cc   0x00000006   Code   RO         1492    .ARM.Collect$$rtexit$$00000004  c_w.l(rtexit2.o)
    0x080002d2   0x00000002   PAD
    0x080002d4   0x00000070   Code   RO            3    .text               main.o
    0x08000344   0x0000001a   Code   RO          194    .text               stm32f4xx_it.o
    0x0800035e   0x00000002   PAD
    0x08000360   0x00000210   Code   RO          243    .text               system_stm32f4xx.o
    0x08000570   0x0000007c   Code   RO          269    .text               led.o
    0x080005ec   0x00004c80   Code   RO          289    .text               lcd.o
    0x0800526c   0x00000104   Code   RO          327    .text               key.o
    0x08005370   0x0000026c   Code   RO          348    .text               dcmi.o
    0x080055dc   0x000005e4   Code   RO          372    .text               ov2640.o
    0x08005bc0   0x00000274   Code   RO          398    .text               sccb.o
    0x08005e34   0x00000140   Code   RO          438    .text               timer.o
    0x08005f74   0x000000ec   Code   RO          459    .text               imgsend.o
    0x08006060   0x00000388   Code   RO          479    .text               image.o
    0x080063e8   0x00000184   Code   RO          505    .text               usart3.o
    0x0800656c   0x00000104   Code   RO          569    .text               delay.o
    0x08006670   0x00000148   Code   RO          609    .text               usart.o
    0x080067b8   0x00000040   Code   RO          641    .text               startup_stm32f40_41xxx.o
    0x080067f8   0x000001c0   Code   RO          647    .text               m8266hostif_stm32xx.o
    0x080069b8   0x000000e0   Code   RO          781    .text               misc.o
    0x08006a98   0x0000018c   Code   RO          801    .text               stm32f4xx_dcmi.o
    0x08006c24   0x00000294   Code   RO          821    .text               stm32f4xx_gpio.o
    0x08006eb8   0x000005c8   Code   RO          841    .text               stm32f4xx_fsmc.o
    0x08007480   0x000003a8   Code   RO          864    .text               stm32f4xx_dma.o
    0x08007828   0x0000065c   Code   RO          884    .text               stm32f4xx_rcc.o
    0x08007e84   0x00000454   Code   RO          926    .text               stm32f4xx_usart.o
    0x080082d8   0x00000ca2   Code   RO          946    .text               stm32f4xx_tim.o
    0x08008f7a   0x00000002   PAD
    0x08008f7c   0x00000480   Code   RO          966    .text               stm32f4xx_spi.o
    0x080093fc   0x00000002   Code   RO         1205    .text               c_w.l(use_no_semi_2.o)
    0x080093fe   0x00000002   PAD
    0x08009400   0x00000024   Code   RO         1207    .text               c_w.l(vsprintf.o)
    0x08009424   0x00000018   Code   RO         1209    .text               c_w.l(__2printf.o)
    0x0800943c   0x0000002c   Code   RO         1211    .text               c_w.l(__2sprintf.o)
    0x08009468   0x00000052   Code   RO         1219    .text               c_w.l(_printf_str.o)
    0x080094ba   0x00000002   PAD
    0x080094bc   0x00000078   Code   RO         1221    .text               c_w.l(_printf_dec.o)
    0x08009534   0x00000094   Code   RO         1241    .text               c_w.l(_printf_hex_int_ll_ptr.o)
    0x080095c8   0x00000188   Code   RO         1261    .text               c_w.l(__printf_flags_ss_wp.o)
    0x08009750   0x0000003e   Code   RO         1268    .text               c_w.l(strlen.o)
    0x0800978e   0x0000004e   Code   RO         1270    .text               c_w.l(rt_memclr_w.o)
    0x080097dc   0x00000080   Code   RO         1272    .text               c_w.l(strcmpv7m.o)
    0x0800985c   0x00000006   Code   RO         1274    .text               c_w.l(heapauxi.o)
    0x08009862   0x00000002   Code   RO         1290    .text               c_w.l(use_no_semi.o)
    0x08009864   0x0000004e   Code   RO         1293    .text               c_w.l(_printf_pad.o)
    0x080098b2   0x00000024   Code   RO         1295    .text               c_w.l(_printf_truncate.o)
    0x080098d6   0x000000b2   Code   RO         1297    .text               c_w.l(_printf_intcommon.o)
    0x08009988   0x00000028   Code   RO         1299    .text               c_w.l(_printf_charcount.o)
    0x080099b0   0x00000030   Code   RO         1301    .text               c_w.l(_printf_char_common.o)
    0x080099e0   0x0000000a   Code   RO         1303    .text               c_w.l(_sputc.o)
    0x080099ea   0x0000002c   Code   RO         1305    .text               c_w.l(_printf_char.o)
    0x08009a16   0x00000002   PAD
    0x08009a18   0x00000024   Code   RO         1307    .text               c_w.l(_printf_char_file.o)
    0x08009a3c   0x000000bc   Code   RO         1309    .text               c_w.l(_printf_wctomb.o)
    0x08009af8   0x0000007c   Code   RO         1312    .text               c_w.l(_printf_longlong_dec.o)
    0x08009b74   0x00000070   Code   RO         1318    .text               c_w.l(_printf_oct_int_ll.o)
    0x08009be4   0x0000008a   Code   RO         1368    .text               c_w.l(lludiv10.o)
    0x08009c6e   0x0000041a   Code   RO         1370    .text               c_w.l(_printf_fp_dec.o)
    0x0800a088   0x000002fc   Code   RO         1372    .text               c_w.l(_printf_fp_hex.o)
    0x0800a384   0x0000002c   Code   RO         1377    .text               c_w.l(_printf_wchar.o)
    0x0800a3b0   0x00000008   Code   RO         1379    .text               c_w.l(ferror.o)
    0x0800a3b8   0x00000040   Code   RO         1383    .text               c_w.l(_wcrtomb.o)
    0x0800a3f8   0x0000004a   Code   RO         1385    .text               c_w.l(sys_stackheap_outer.o)
    0x0800a442   0x00000002   PAD
    0x0800a444   0x00000010   Code   RO         1387    .text               c_w.l(rt_ctype_table.o)
    0x0800a454   0x00000008   Code   RO         1392    .text               c_w.l(rt_locale_intlibspace.o)
    0x0800a45c   0x00000080   Code   RO         1394    .text               c_w.l(_printf_fp_infnan.o)
    0x0800a4dc   0x000000dc   Code   RO         1396    .text               c_w.l(bigflt0.o)
    0x0800a5b8   0x0000000c   Code   RO         1424    .text               c_w.l(exit.o)
    0x0800a5c4   0x00000008   Code   RO         1436    .text               c_w.l(libspace.o)
    0x0800a5cc   0x0000003e   Code   RO         1399    CL$$btod_d2e        c_w.l(btod.o)
    0x0800a60a   0x00000046   Code   RO         1401    CL$$btod_d2e_denorm_low  c_w.l(btod.o)
    0x0800a650   0x00000060   Code   RO         1400    CL$$btod_d2e_norm_op1  c_w.l(btod.o)
    0x0800a6b0   0x00000338   Code   RO         1409    CL$$btod_div_common  c_w.l(btod.o)
    0x0800a9e8   0x000000c6   Code   RO         1406    CL$$btod_e2e        c_w.l(btod.o)
    0x0800aaae   0x00000028   Code   RO         1403    CL$$btod_ediv       c_w.l(btod.o)
    0x0800aad6   0x00000028   Code   RO         1402    CL$$btod_emul       c_w.l(btod.o)
    0x0800aafe   0x00000244   Code   RO         1408    CL$$btod_mult_common  c_w.l(btod.o)
    0x0800ad42   0x00000002   PAD
    0x0800ad44   0x00000064   Code   RO          986    i.M8266HostIf_SPI_DMA_StartReceiveSendData  M8266WIFIDrv_STM32F4xx.lib(m8266wifidrv.o)
    0x0800ada8   0x00000020   Code   RO          988    i.M8266HostIf_SPI_rrs  M8266WIFIDrv_STM32F4xx.lib(m8266wifidrv.o)
    0x0800adc8   0x00000030   Code   RO          989    i.M8266HostIf_SPI_wrs  M8266WIFIDrv_STM32F4xx.lib(m8266wifidrv.o)
    0x0800adf8   0x00000012   Code   RO         1037    i.M8266WIFI_SPI_Send_Data  M8266WIFIDrv_STM32F4xx.lib(m8266wifidrv.o)
    0x0800ae0a   0x00000016   Code   RO         1046    i.M8266WIFI_SPI_Slave_Has_Response  M8266WIFIDrv_STM32F4xx.lib(m8266wifidrv.o)
    0x0800ae20   0x00000016   Code   RO         1051    i.M8266WIFI_SPI_TxdBuffer_Free  M8266WIFIDrv_STM32F4xx.lib(m8266wifidrv.o)
    0x0800ae36   0x00000002   PAD
    0x0800ae38   0x00000058   Code   RO         1055    i.M8266WIFI_SPI_csb  M8266WIFIDrv_STM32F4xx.lib(m8266wifidrv.o)
    0x0800ae90   0x00000020   Code   RO         1060    i.M8266WIFI_SPI_rra  M8266WIFIDrv_STM32F4xx.lib(m8266wifidrv.o)
    0x0800aeb0   0x00000042   Code   RO         1061    i.M8266WIFI_SPI_rru  M8266WIFIDrv_STM32F4xx.lib(m8266wifidrv.o)
    0x0800aef2   0x00000002   PAD
    0x0800aef4   0x00000230   Code   RO         1065    i.M8266WIFI_SPI_sdfal  M8266WIFIDrv_STM32F4xx.lib(m8266wifidrv.o)
    0x0800b124   0x00000124   Code   RO         1066    i.M8266WIFI_SPI_srh  M8266WIFIDrv_STM32F4xx.lib(m8266wifidrv.o)
    0x0800b248   0x00000020   Code   RO         1067    i.M8266WIFI_SPI_ssa  M8266WIFIDrv_STM32F4xx.lib(m8266wifidrv.o)
    0x0800b268   0x00000074   Code   RO         1068    i.M8266WIFI_SPI_ssb  M8266WIFIDrv_STM32F4xx.lib(m8266wifidrv.o)
    0x0800b2dc   0x0000004c   Code   RO         1070    i.M8266WIFI_SPI_ssu  M8266WIFIDrv_STM32F4xx.lib(m8266wifidrv.o)
    0x0800b328   0x00000048   Code   RO         1071    i.M8266WIFI_SPI_ssud  M8266WIFIDrv_STM32F4xx.lib(m8266wifidrv.o)
    0x0800b370   0x0000004c   Code   RO         1072    i.M8266WIFI_SPI_ssut  M8266WIFIDrv_STM32F4xx.lib(m8266wifidrv.o)
    0x0800b3bc   0x00000016   Code   RO         1073    i.M8266WIFI_SPI_tufs  M8266WIFIDrv_STM32F4xx.lib(m8266wifidrv.o)
    0x0800b3d2   0x0000003a   Code   RO         1075    i.M8266WIFI_SPI_wsbsbs1  M8266WIFIDrv_STM32F4xx.lib(m8266wifidrv.o)
    0x0800b40c   0x00000042   Code   RO         1077    i.M8266WIFI_SPI_wscbf  M8266WIFIDrv_STM32F4xx.lib(m8266wifidrv.o)
    0x0800b44e   0x0000004c   Code   RO         1078    i.M8266WIFI_SPI_wscr  M8266WIFIDrv_STM32F4xx.lib(m8266wifidrv.o)
    0x0800b49a   0x00000054   Code   RO         1080    i.M8266WIFI_SPI_wspss  M8266WIFIDrv_STM32F4xx.lib(m8266wifidrv.o)
    0x0800b4ee   0x00000040   Code   RO         1085    i.M8266WIFI_Wait_SPI_sfad  M8266WIFIDrv_STM32F4xx.lib(m8266wifidrv.o)
    0x0800b52e   0x00000002   PAD
    0x0800b530   0x00000174   Code   RO         1086    i.SPI_STA_Get_HostIP_by_HostName  M8266WIFIDrv_STM32F4xx.lib(m8266wifidrv.o)
    0x0800b6a4   0x00000030   Code   RO         1434    i.__ARM_fpclassify  m_wm.l(fpclassify.o)
    0x0800b6d4   0x0000000e   Code   RO         1254    i._is_digit         c_w.l(__printf_wp.o)
    0x0800b6e2   0x0000004c   Code   RO         1089    i.fvcp              M8266WIFIDrv_STM32F4xx.lib(m8266wifidrv.o)
    0x0800b72e   0x00000002   PAD
    0x0800b730   0x00000030   Code   RO         1091    i.fvdnstap          M8266WIFIDrv_STM32F4xx.lib(m8266wifidrv.o)
    0x0800b760   0x0000002c   Code   RO         1422    locale$$code        c_w.l(lc_numeric_c.o)
    0x0800b78c   0x0000002c   Code   RO         1442    locale$$code        c_w.l(lc_ctype_c.o)
    0x0800b7b8   0x0000005a   Code   RO         1278    x$fpl$dfixu         fz_wm.l(dfixu.o)
    0x0800b812   0x00000026   Code   RO         1282    x$fpl$dfltu         fz_wm.l(dflt_clz.o)
    0x0800b838   0x00000154   Code   RO         1288    x$fpl$dmul          fz_wm.l(dmul.o)
    0x0800b98c   0x0000009c   Code   RO         1340    x$fpl$dnaninf       fz_wm.l(dnaninf.o)
    0x0800ba28   0x0000000c   Code   RO         1342    x$fpl$dretinf       fz_wm.l(dretinf.o)
    0x0800ba34   0x0000000a   Code   RO         1498    x$fpl$fpinit        fz_wm.l(fpinit.o)
    0x0800ba3e   0x00000004   Code   RO         1344    x$fpl$printf1       fz_wm.l(printf1.o)
    0x0800ba42   0x00000004   Code   RO         1346    x$fpl$printf2       fz_wm.l(printf2.o)
    0x0800ba46   0x00000000   Code   RO         1352    x$fpl$usenofp       fz_wm.l(usenofp.o)
    0x0800ba46   0x000017c0   Data   RO          291    .constdata          lcd.o
    0x0800d206   0x00000328   Data   RO          373    .constdata          ov2640.o
    0x0800d52e   0x00000024   Data   RO          481    .constdata          image.o
    0x0800d552   0x00000002   PAD
    0x0800d554   0x0000001c   Data   RO          842    .constdata          stm32f4xx_fsmc.o
    0x0800d570   0x00000028   Data   RO         1242    .constdata          c_w.l(_printf_hex_int_ll_ptr.o)
    0x0800d598   0x00000011   Data   RO         1262    .constdata          c_w.l(__printf_flags_ss_wp.o)
    0x0800d5a9   0x00000003   PAD
    0x0800d5ac   0x00000008   Data   RO         1310    .constdata          c_w.l(_printf_wctomb.o)
    0x0800d5b4   0x00000026   Data   RO         1373    .constdata          c_w.l(_printf_fp_hex.o)
    0x0800d5da   0x00000002   PAD
    0x0800d5dc   0x00000094   Data   RO         1397    .constdata          c_w.l(bigflt0.o)
    0x0800d670   0x00000077   Data   RO          482    .conststring        image.o
    0x0800d6e7   0x00000001   PAD
    0x0800d6e8   0x00000020   Data   RO         1561    Region$$Table       anon$$obj.o
    0x0800d708   0x0000001c   Data   RO         1421    locale$$data        c_w.l(lc_numeric_c.o)
    0x0800d724   0x00000110   Data   RO         1441    locale$$data        c_w.l(lc_ctype_c.o)


    Execution Region RW_IRAM1 (Base: 0x20000000, Size: 0x0001ff60, Max: 0x00020000, ABSOLUTE)

    Base Addr    Size         Type   Attr      Idx    E Section Name        Object

    0x20000000   0x00000014   Data   RW          244    .data               system_stm32f4xx.o
    0x20000014   0x00000004   Data   RW          292    .data               lcd.o
    0x20000018   0x00000001   Data   RW          328    .data               key.o
    0x20000019   0x00000001   Data   RW          350    .data               dcmi.o
    0x2000001a   0x00000002   PAD
    0x2000001c   0x00000048   Data   RW          483    .data               image.o
    0x20000064   0x00000002   Data   RW          507    .data               usart3.o
    0x20000066   0x00000004   Data   RW          570    .data               delay.o
    0x2000006a   0x00000002   PAD
    0x2000006c   0x00000006   Data   RW          611    .data               usart.o
    0x20000072   0x00000010   Data   RW          885    .data               stm32f4xx_rcc.o
    0x20000082   0x00000002   PAD
    0x20000084   0x00000029   Data   RW         1094    .data               M8266WIFIDrv_STM32F4xx.lib(m8266wifidrv.o)
    0x200000ad   0x00000003   PAD
    0x200000b0   0x0000000e   Zero   RW          290    .bss                lcd.o
    0x200000be   0x0000000e   Zero   RW          349    .bss                dcmi.o
    0x200000cc   0x0001f000   Zero   RW          480    .bss                image.o
    0x2001f0cc   0x00000004   PAD
    0x2001f0d0   0x00000320   Zero   RW          506    .bss                usart3.o
    0x2001f3f0   0x000000c8   Zero   RW          610    .bss                usart.o
    0x2001f4b8   0x00000044   Zero   RW         1092    .bss                M8266WIFIDrv_STM32F4xx.lib(m8266wifidrv.o)
    0x2001f4fc   0x00000060   Zero   RW         1437    .bss                c_w.l(libspace.o)
    0x2001f55c   0x00000004   PAD
    0x2001f560   0x00000200   Zero   RW          639    HEAP                startup_stm32f40_41xxx.o
    0x2001f760   0x00000800   Zero   RW          638    STACK               startup_stm32f40_41xxx.o


==============================================================================

Image component sizes


      Code (inc. data)   RO Data    RW Data    ZI Data      Debug   Object Name

       620         36          0          1         14       2364   dcmi.o
       260          8          0          4          0       1465   delay.o
       904        198        155         72     126976       2660   image.o
       236          6          0          0          0       1562   imgsend.o
       260         12          0          1          0        880   key.o
     19584        174       6080          4         14      22338   lcd.o
       124          4          0          0          0        747   led.o
       448         10          0          0          0       2182   m8266hostif_stm32xx.o
       112         30          0          0          0     314755   main.o
       224         20          0          0          0       1845   misc.o
      1508         66        808          0          0       5961   ov2640.o
       628         12          0          0          0       2039   sccb.o
        64         26        392          0       2560        844   startup_stm32f40_41xxx.o
       396          4          0          0          0       3486   stm32f4xx_dcmi.o
       936         32          0          0          0       6321   stm32f4xx_dma.o
      1480         18         28          0          0       5658   stm32f4xx_fsmc.o
       660         44          0          0          0       4121   stm32f4xx_gpio.o
        26          0          0          0          0       1234   stm32f4xx_it.o
      1628         52          0         16          0      12924   stm32f4xx_rcc.o
      1152         36          0          0          0       6869   stm32f4xx_spi.o
      3234         60          0          0          0      22324   stm32f4xx_tim.o
      1108         34          0          0          0       7820   stm32f4xx_usart.o
       528         46          0         20          0       1819   system_stm32f4xx.o
       320         54          0          0          0       1258   timer.o
       328         16          0          6        200       3330   usart.o
       388         24          0          2        800       2594   usart3.o

    ----------------------------------------------------------------------
     37160       1022       7498        132     130568     439400   Object Totals
         0          0         32          0          0          0   (incl. Generated)
         4          0          3          6          4          0   (incl. Padding)

    ----------------------------------------------------------------------

      Code (inc. data)   RO Data    RW Data    ZI Data      Debug   Library Member Name

      2518         90          0         41         68       3300   m8266wifidrv.o
        24          4          0          0          0         84   __2printf.o
        44          6          0          0          0         84   __2sprintf.o
         8          0          0          0          0         68   __main.o
       392          4         17          0          0         92   __printf_flags_ss_wp.o
        14          0          0          0          0         68   __printf_wp.o
         0          0          0          0          0          0   __rtentry.o
        12          0          0          0          0          0   __rtentry2.o
         6          0          0          0          0          0   __rtentry4.o
        52          8          0          0          0          0   __scatter.o
        26          0          0          0          0          0   __scatter_copy.o
        28          0          0          0          0          0   __scatter_zi.o
         6          0          0          0          0          0   _printf_a.o
         6          0          0          0          0          0   _printf_c.o
        44          0          0          0          0        108   _printf_char.o
        48          6          0          0          0         96   _printf_char_common.o
        36          4          0          0          0         80   _printf_char_file.o
        40          0          0          0          0         68   _printf_charcount.o
         6          0          0          0          0          0   _printf_d.o
       120         16          0          0          0         92   _printf_dec.o
         6          0          0          0          0          0   _printf_e.o
         6          0          0          0          0          0   _printf_f.o
      1050          0          0          0          0        216   _printf_fp_dec.o
       764         10         38          0          0        100   _printf_fp_hex.o
       128         16          0          0          0         84   _printf_fp_infnan.o
         6          0          0          0          0          0   _printf_g.o
       148          4         40          0          0        160   _printf_hex_int_ll_ptr.o
         6          0          0          0          0          0   _printf_i.o
       178          0          0          0          0         88   _printf_intcommon.o
        10          0          0          0          0          0   _printf_l.o
         6          0          0          0          0          0   _printf_lc.o
        10          0          0          0          0          0   _printf_ll.o
         6          0          0          0          0          0   _printf_lld.o
         6          0          0          0          0          0   _printf_lli.o
         6          0          0          0          0          0   _printf_llo.o
         6          0          0          0          0          0   _printf_llu.o
         6          0          0          0          0          0   _printf_llx.o
       124         16          0          0          0         92   _printf_longlong_dec.o
         6          0          0          0          0          0   _printf_ls.o
         6          0          0          0          0          0   _printf_n.o
         6          0          0          0          0          0   _printf_o.o
       112          8          0          0          0        124   _printf_oct_int_ll.o
         6          0          0          0          0          0   _printf_p.o
        78          0          0          0          0        108   _printf_pad.o
         0          0          0          0          0          0   _printf_percent.o
         4          0          0          0          0          0   _printf_percent_end.o
         6          0          0          0          0          0   _printf_s.o
        82          0          0          0          0         80   _printf_str.o
        36          0          0          0          0         84   _printf_truncate.o
         6          0          0          0          0          0   _printf_u.o
        44          0          0          0          0        108   _printf_wchar.o
       188          6          8          0          0         92   _printf_wctomb.o
         6          0          0          0          0          0   _printf_x.o
        10          0          0          0          0         68   _sputc.o
        64          0          0          0          0         92   _wcrtomb.o
       220          4        148          0          0         96   bigflt0.o
      1910        128          0          0          0        672   btod.o
        12          0          0          0          0         72   exit.o
         8          0          0          0          0         68   ferror.o
         6          0          0          0          0        152   heapauxi.o
        44         10        272          0          0         76   lc_ctype_c.o
        44         10         28          0          0         76   lc_numeric_c.o
         2          0          0          0          0          0   libinit.o
        34          0          0          0          0          0   libinit2.o
         2          0          0          0          0          0   libshutdown.o
         2          0          0          0          0          0   libshutdown2.o
         8          4          0          0         96         68   libspace.o
       138          0          0          0          0         80   lludiv10.o
        16          4          0          0          0         76   rt_ctype_table.o
         8          4          0          0          0         68   rt_locale_intlibspace.o
        78          0          0          0          0         80   rt_memclr_w.o
         2          0          0          0          0          0   rtexit.o
        10          0          0          0          0          0   rtexit2.o
       128          0          0          0          0         68   strcmpv7m.o
        62          0          0          0          0         76   strlen.o
        74          0          0          0          0         80   sys_stackheap_outer.o
         2          0          0          0          0         68   use_no_semi.o
         2          0          0          0          0         68   use_no_semi_2.o
        36          4          0          0          0         76   vsprintf.o
        90          4          0          0          0        140   dfixu.o
        38          0          0          0          0        116   dflt_clz.o
       340         12          0          0          0        152   dmul.o
       156          4          0          0          0        140   dnaninf.o
        12          0          0          0          0        116   dretinf.o
        10          0          0          0          0        116   fpinit.o
         4          0          0          0          0        116   printf1.o
         4          0          0          0          0        116   printf2.o
         0          0          0          0          0          0   usenofp.o
        48          0          0          0          0        124   fpclassify.o

    ----------------------------------------------------------------------
     10134        386        556         44        168       8792   Library Totals
        22          0          5          3          4          0   (incl. Padding)

    ----------------------------------------------------------------------

      Code (inc. data)   RO Data    RW Data    ZI Data      Debug   Library Name

      2518         90          0         41         68       3300   M8266WIFIDrv_STM32F4xx.lib
      6892        276        551          0         96       4356   c_w.l
       654         20          0          0          0       1012   fz_wm.l
        48          0          0          0          0        124   m_wm.l

    ----------------------------------------------------------------------
     10134        386        556         44        168       8792   Library Totals

    ----------------------------------------------------------------------

==============================================================================


      Code (inc. data)   RO Data    RW Data    ZI Data      Debug   

     47294       1408       8054        176     130736     437700   Grand Totals
     47294       1408       8054        176     130736     437700   ELF Image Totals
     47294       1408       8054        176          0          0   ROM Totals

==============================================================================

    Total RO  Size (Code + RO Data)                55348 (  54.05kB)
    Total RW  Size (RW Data + ZI Data)            130912 ( 127.84kB)
    Total ROM Size (Code + RO Data + RW Data)      55524 (  54.22kB)

==============================================================================

